$ docker exec 6b2cf5e69c8ea67f61ec5eaad341fe15b1efd2a28bc1fdb6371c277e1c512e56 bash -> rc=0
package locks free after 5s

$ docker exec 6b2cf5e69c8ea67f61ec5eaad341fe15b1efd2a28bc1fdb6371c277e1c512e56 bash -> rc=0

$ docker cp /eic/data/haoxiong_gpu6/bench_agentic/terminal-bench-2/sanitize-git-repo/tests/. 6b2cf5e69c8ea67f61ec5eaad341fe15b1efd2a28bc1fdb6371c277e1c512e56:/tests/ -> rc=0

$ docker exec 6b2cf5e69c8ea67f61ec5eaad341fe15b1efd2a28bc1fdb6371c277e1c512e56 bash -> rc=0
d_text == decontaminated_text
E           assert '{\n    "uuid...aml": null\n}' == '{\n    "uuid...aml": null\n}'
E             
E             Skipping 7722 identical leading characters in diff, use -v to show
E             -  HF_TOKEN=<your-huggingface-token>' >> ~/.bashrc\n+    - mkdir -p ~/.cache/huggingface/\n+    - echo '<your-huggingface-token>' > ~/.cache/huggingface/token\n     - pip install --upgrade pip setuptools wheel\n     - pip install -U \"ray[default] @ https://s3-us-west-2.amazonaws.com/ray-wheels/latest/ray-3.0.0.dev0-cp310-cp310-manylinux2014_x86_64.whl\"\n     - pip install boto3==1.26.90\n@@ -55,5 +58,7 @@ setup_commands:\n     - pip install 'pandas==2.1.4'\n     - pip install psutil\n     - pip install ...
E             
E             ...Full output truncated (7 lines hidden), use '-vv' to show

/tests/test_outputs.py:57: AssertionError
_________________________ test_no_other_files_changed __________________________

    def test_no_other_files_changed():
        # Check that no files other than CONTAMINATED_PATHS have been changed
        repo = git.Repo("/app/dclm")
    
        # Specific commit before any changes were made
        commit = repo.commit("d6987af002b122fef54bc0be402062c76488a4d9")
        diff = commit.diff(None)
    
        for d in diff:
            path = d.b_path
            if os.path.join("/app/dclm", path) not in CONTAMINATED_PATHS:
>               raise ValueError(f"File {path} has been changed")
E               ValueError: File app/dclm/ray_processing/process.py has been changed

/tests/test_outputs.py:71: ValueError
=========================== short test summary info ============================
FAILED ../../tests/test_outputs.py::test_removal_of_secret_information - asse...
FAILED ../../tests/test_outputs.py::test_correct_replacement_of_secret_information
FAILED ../../tests/test_outputs.py::test_no_other_files_changed - ValueError:...
============================== 3 failed in 0.72s ===============================
debconf: delaying package configuration, since apt-utils is not installed
downloading uv 0.9.5 x86_64-unknown-linux-gnu
Downloading pygments (1.2MiB)
 Downloading pygments
Installed 9 packages in 11ms
