$ docker exec e01dbb625e4da6664a7a459c3e39e88ea52c0d0188c3f094dc1a567bb53b2f99 bash -> rc=0
package locks free after 5s

$ docker exec e01dbb625e4da6664a7a459c3e39e88ea52c0d0188c3f094dc1a567bb53b2f99 bash -> rc=0

$ docker cp /eic/data/haoxiong_gpu6/bench_agentic/terminal-bench-2/sam-cell-seg/tests/. e01dbb625e4da6664a7a459c3e39e88ea52c0d0188c3f094dc1a567bb53b2f99:/tests/ -> rc=0

$ docker exec e01dbb625e4da6664a7a459c3e39e88ea52c0d0188c3f094dc1a567bb53b2f99 bash -> rc=0
               mode=ioargs.mode,
                    **open_args,
                )
    
            # Unrecognized Compression
            else:
                msg = f"Unrecognized compression type: {compression}"
                raise ValueError(msg)
    
            assert not isinstance(handle, str)
            handles.append(handle)
    
        elif isinstance(handle, str):
            # Check whether the filename is to be opened in binary mode.
            # Binary mode does not support 'encoding' and 'newline'.
            if ioargs.encoding and "b" not in ioargs.mode:
                # Encoding
>               handle = open(
                    handle,
                    ioargs.mode,
                    encoding=ioargs.encoding,
                    errors=errors,
                    newline="",
                )
E               FileNotFoundError: [Errno 2] No such file or directory: '/app/test_output.csv'

/root/.cache/uv/archive-v0/wKJ5CF7G58jhoWdi2X7qC/lib/python3.11/site-packages/pandas/io/common.py:873: FileNotFoundError
==================================== PASSES ====================================
=========================== short test summary info ============================
PASSED ../tests/test_outputs.py::test_python_file_exists
FAILED ../tests/test_outputs.py::test_run_script - subprocess.CalledProcessEr...
FAILED ../tests/test_outputs.py::test_csv_output_exists - AssertionError: Fil...
FAILED ../tests/test_outputs.py::test_csv_shape_cols - FileNotFoundError: [Er...
FAILED ../tests/test_outputs.py::test_masks_are_no_longer_rect - FileNotFound...
FAILED ../tests/test_outputs.py::test_mask_alignment - FileNotFoundError: [Er...
FAILED ../tests/test_outputs.py::test_no_polyline_overlaps - FileNotFoundErro...
FAILED ../tests/test_outputs.py::test_single_contiguous_mask_per_cell - FileN...
FAILED ../tests/test_outputs.py::test_coords_are_flat_lists - FileNotFoundErr...
========================= 8 failed, 1 passed in 31.69s =========================
8e5221aa7de6032d7220c6c6a1)
    Updated https://github.com/ChaoningZhang/MobileSAM.git (34bbbfdface3c18e5221aa7de6032d7220c6c6a1)
Downloading torchvision (1.8MiB)
   Building mobile-sam @ git+https://github.com/ChaoningZhang/MobileSAM.git@34bbbfdface3c18e5221aa7de6032d7220c6c6a1
Downloading torch (166.6MiB)
Downloading hf-xet (4.3MiB)
Downloading networkx (2.0MiB)
Downloading timm (2.4MiB)
Downloading pillow (6.6MiB)
Downloading pygments (1.2MiB)
Downloading sympy (5.9MiB)
Downloading shapely (3.0MiB)
Downloading numpy (16.0MiB)
Downloading pandas (11.8MiB)
Downloading opencv-python (63.9MiB)
      Built mobile-sam @ git+https://github.com/ChaoningZhang/MobileSAM.git@34bbbfdface3c18e5221aa7de6032d7220c6c6a1
 Downloading torchvision
 Downloading pygments
 Downloading timm
 Downloading shapely
 Downloading hf-xet
 Downloading pillow
 Downloading networkx
 Downloading numpy
 Downloading opencv-python
 Downloading sympy
 Downloading pandas
 Downloading torch
Installed 39 packages in 778ms
