$ docker exec 9f9182e81be4dc3e6d9dffd9be8684fd55fb0d3d12e57304ff3f4b130eeb3881 bash -> rc=0
package locks free after 5s

$ docker exec 9f9182e81be4dc3e6d9dffd9be8684fd55fb0d3d12e57304ff3f4b130eeb3881 bash -> rc=0

$ docker cp /eic/data/haoxiong_gpu6/bench_agentic/terminal-bench-2/train-fasttext/tests/. 9f9182e81be4dc3e6d9dffd9be8684fd55fb0d3d12e57304ff3f4b130eeb3881:/tests/ -> rc=0

$ docker exec 9f9182e81be4dc3e6d9dffd9be8684fd55fb0d3d12e57304ff3f4b130eeb3881 bash -> rc=0
 fasttext.load_model("/app/model.bin")
                ^^^^^^^^^^^^^^^^^^^^^^^^^^^^^^^^^^^^^

/tests/test_outputs.py:14: 
_ _ _ _ _ _ _ _ _ _ _ _ _ _ _ _ _ _ _ _ _ _ _ _ _ _ _ _ _ _ _ _ _ _ _ _ _ _ _ _ 
/root/.cache/uv/archive-v0/zmxKS4Ls5ypSI_96i5-f9/lib/python3.11/site-packages/fasttext/FastText.py:441: in load_model
    return _FastText(model_path=path)
           ^^^^^^^^^^^^^^^^^^^^^^^^^^
_ _ _ _ _ _ _ _ _ _ _ _ _ _ _ _ _ _ _ _ _ _ _ _ _ _ _ _ _ _ _ _ _ _ _ _ _ _ _ _ 

self = <fasttext.FastText._FastText object at 0x7fe8cabb22d0>
model_path = '/app/model.bin', args = None

    def __init__(self, model_path=None, args=None):
        self.f = fasttext.fasttext()
        if model_path is not None:
>           self.f.loadModel(model_path)
E           ValueError: /app/model.bin cannot be opened for loading!

/root/.cache/uv/archive-v0/zmxKS4Ls5ypSI_96i5-f9/lib/python3.11/site-packages/fasttext/FastText.py:98: ValueError
----------------------------- Captured stderr call -----------------------------
Warning : `load_model` does not return WordVectorModel or SupervisedModel any more, but a `FastText` object which is very similar.
_______________________________ test_model_size ________________________________

    def test_model_size():
        """Test the size of the model."""
>       model_size = os.path.getsize("/app/model.bin")
                     ^^^^^^^^^^^^^^^^^^^^^^^^^^^^^^^^^

/tests/test_outputs.py:35: 
_ _ _ _ _ _ _ _ _ _ _ _ _ _ _ _ _ _ _ _ _ _ _ _ _ _ _ _ _ _ _ _ _ _ _ _ _ _ _ _ 

filename = '/app/model.bin'

>   ???
E   FileNotFoundError: [Errno 2] No such file or directory: '/app/model.bin'

<frozen genericpath>:50: FileNotFoundError
=========================== short test summary info ============================
FAILED ../tests/test_outputs.py::test_accuracy - ValueError: /app/model.bin c...
FAILED ../tests/test_outputs.py::test_model_size - FileNotFoundError: [Errno ...
============================== 2 failed in 1.96s ===============================
debconf: delaying package configuration, since apt-utils is not installed
downloading uv 0.9.5 x86_64-unknown-linux-gnu
tar: Ignoring unknown extended header keyword 'LIBARCHIVE.xattr.com.apple.provenance'
Downloading cpython-3.11.14-linux-x86_64-gnu (download) (28.7MiB)
 Downloading cpython-3.11.14-linux-x86_64-gnu (download)
Downloading pygments (1.2MiB)
Downloading numpy (16.5MiB)
Downloading fasttext-wheel (4.2MiB)
Downloading scipy (35.9MiB)
Downloading scikit-learn (12.3MiB)
 Downloading fasttext-wheel
 Downloading pygments
 Downloading numpy
 Downloading scikit-learn
 Downloading scipy
Installed 15 packages in 45ms
