$ docker exec fd5d954c6befefd6b5fda3a5f9b434ab0bf2798b55ff89e29ef8775745393844 bash -> rc=0
package locks free after 5s

$ docker exec fd5d954c6befefd6b5fda3a5f9b434ab0bf2798b55ff89e29ef8775745393844 bash -> rc=0

$ docker cp /eic/data/haoxiong_gpu6/bench_agentic/terminal-bench-2/mcmc-sampling-stan/tests/. fd5d954c6befefd6b5fda3a5f9b434ab0bf2798b55ff89e29ef8775745393844:/tests/ -> rc=0

$ docker exec fd5d954c6befefd6b5fda3a5f9b434ab0bf2798b55ff89e29ef8775745393844 bash -> rc=0
e = None
            numbers = re.findall(r"-?\d+\.?\d*", content)
            if numbers:
                alpha_value = float(numbers[0])
    
>           assert alpha_value is not None, (
                "Could not find alpha value in posterior_alpha_mean.txt"
            )
E           AssertionError: Could not find alpha value in posterior_alpha_mean.txt
E           assert None is not None

test_outputs.py:103: AssertionError
________________________ test_posterior_beta_estimation ________________________

    def test_posterior_beta_estimation():
        """Test that posterior beta mean is reasonably accurate."""
        beta_path = "/app/posterior_beta_mean.txt"
    
        if os.path.exists(beta_path):
            with open(beta_path, "r") as f:
                content = f.read().strip()
            assert len(content) > 0, f"Output file should not be empty: {beta_path}"
            # Extract beta value
            beta_value = None
            numbers = re.findall(r"-?\d+\.?\d*", content)
            if numbers:
                beta_value = float(numbers[0])
    
>           assert beta_value is not None, (
                "Could not find beta value in posterior_beta_mean.txt"
            )
E           AssertionError: Could not find beta value in posterior_beta_mean.txt
E           assert None is not None

test_outputs.py:129: AssertionError
==================================== PASSES ====================================
=========================== short test summary info ============================
PASSED test_outputs.py::test_rstan_package_installed
PASSED test_outputs.py::test_hierarchical_model_implemented
PASSED test_outputs.py::test_r_script_created_and_used_rstan
PASSED test_outputs.py::test_stan_model_sampling
FAILED test_outputs.py::test_posterior_alpha_estimation - AssertionError: Cou...
FAILED test_outputs.py::test_posterior_beta_estimation - AssertionError: Coul...
=================== 2 failed, 4 passed in 198.15s (0:03:18) ====================
downloading uv 0.9.5 x86_64-unknown-linux-gnu
Downloading cpython-3.13.9-linux-x86_64-gnu (download) (32.0MiB)
 Downloading cpython-3.13.9-linux-x86_64-gnu (download)
Installed 5 packages in 5ms
