$ docker exec 1e6c7636c5db2632618521b887952bd41a7d9fb0a9f71ef997221ebc6644edad bash -> rc=0
package locks free after 5s

$ docker exec 1e6c7636c5db2632618521b887952bd41a7d9fb0a9f71ef997221ebc6644edad bash -> rc=0

$ docker cp /eic/data/haoxiong_gpu6/bench_agentic/terminal-bench-2/regex-chess/tests/. 1e6c7636c5db2632618521b887952bd41a7d9fb0a9f71ef997221ebc6644edad:/tests/ -> rc=0

$ docker exec 1e6c7636c5db2632618521b887952bd41a7d9fb0a9f71ef997221ebc6644edad bash -> rc=0
gn)

/tests/test_outputs.py:141: 
_ _ _ _ _ _ _ _ _ _ _ _ _ _ _ _ _ _ _ _ _ _ _ _ _ _ _ _ _ _ _ _ _ _ _ _ _ _ _ _ 
/tests/test_outputs.py:73: in do_test_game
    verify_legal_moves(board.fen())
/tests/test_outputs.py:20: in verify_legal_moves
    our_moves = run_solution(fen)
                ^^^^^^^^^^^^^^^^^
/tests/test_outputs.py:13: in run_solution
    fen = re.sub(pattern, repl, fen)
          ^^^^^^^^^^^^^^^^^^^^^^^^^^
/usr/local/lib/python3.13/re/__init__.py:208: in sub
    return _compile(pattern, flags).sub(repl, string, count)
           ^^^^^^^^^^^^^^^^^^^^^^^^^^^^^^^^^^^^^^^^^^^^^^^^^
/usr/local/lib/python3.13/re/__init__.py:377: in _compile_template
    return _sre.template(pattern, _parser.parse_template(repl, pattern))
                                  ^^^^^^^^^^^^^^^^^^^^^^^^^^^^^^^^^^^^^
/usr/local/lib/python3.13/re/_parser.py:1049: in parse_template
    addgroup(index, len(name) + 1)
_ _ _ _ _ _ _ _ _ _ _ _ _ _ _ _ _ _ _ _ _ _ _ _ _ _ _ _ _ _ _ _ _ _ _ _ _ _ _ _ 

index = 5, pos = 2

    def addgroup(index, pos):
        if index > pattern.groups:
>           raise s.error("invalid group reference %d" % index, pos)
E           re.PatternError: invalid group reference 5 at position 26 (line 1, column 27)

/usr/local/lib/python3.13/re/_parser.py:1015: PatternError
----------------------------- Captured stdout call -----------------------------

Testing positions from: Unnamed Game
PGN string length: 749
Testing initial position
==================================== PASSES ====================================
=========================== short test summary info ============================
PASSED ../tests/test_outputs.py::test_not_long
FAILED ../tests/test_outputs.py::test_immortal_game - re.PatternError: invali...
FAILED ../tests/test_outputs.py::test_game_of_century - re.PatternError: inva...
FAILED ../tests/test_outputs.py::test_naroditsky_ivanchuk - re.PatternError: ...
========================= 3 failed, 1 passed in 14.38s =========================
debconf: delaying package configuration, since apt-utils is not installed
downloading uv 0.9.5 x86_64-unknown-linux-gnu
   Building chess==1.11.2
Downloading pygments (1.2MiB)
 Downloading pygments
      Built chess==1.11.2
Installed 7 packages in 8ms
