$ docker exec 23ad04242ea84ecf73d790328b33068f6b8b1cf89d6a7ffb1fae0cc33a1de965 bash -> rc=0
package locks free after 5s

$ docker exec 23ad04242ea84ecf73d790328b33068f6b8b1cf89d6a7ffb1fae0cc33a1de965 bash -> rc=0

$ docker cp /eic/data/haoxiong_gpu6/bench_agentic/terminal-bench-2/build-pov-ray/tests/. 23ad04242ea84ecf73d790328b33068f6b8b1cf89d6a7ffb1fae0cc33a1de965:/tests/ -> rc=0

$ docker exec 23ad04242ea84ecf73d790328b33068f6b8b1cf89d6a7ffb1fae0cc33a1de965 bash -> rc=0
             SubprocessError)
            if issubclass(child_exception_type, OSError) and hex_errno:
                errno_num = int(hex_errno, 16)
                if err_msg == "noexec:chdir":
                    err_msg = ""
                    # The error must be from chdir(cwd).
                    err_filename = cwd
                elif err_msg == "noexec":
                    err_msg = ""
                    err_filename = None
                else:
                    err_filename = orig_executable
                if errno_num != 0:
                    err_msg = os.strerror(errno_num)
                if err_filename is not None:
>                   raise child_exception_type(errno_num, err_msg, err_filename)
E                   FileNotFoundError: [Errno 2] No such file or directory: '/usr/local/bin/povray'

/root/.local/share/uv/python/cpython-3.13.9-linux-x86_64-gnu/lib/python3.13/subprocess.py:1972: FileNotFoundError
____________________ test_povray_built_from_correct_source _____________________

    def test_povray_built_from_correct_source():
        """Test that POV-Ray 2.2 was built from correct source files"""
        source_dir = Path("/app/povray-2.2")
>       assert source_dir.exists(), (
            "POV-Ray 2.2 source directory not found - agent may not have built from source"
        )
E       AssertionError: POV-Ray 2.2 source directory not found - agent may not have built from source
E       assert False
E        +  where False = exists()
E        +    where exists = PosixPath('/app/povray-2.2').exists

/tests/test_outputs.py:95: AssertionError
=========================== short test summary info ============================
FAILED ../tests/test_outputs.py::test_illum1_render_and_verify - FileNotFound...
FAILED ../tests/test_outputs.py::test_povray_version - FileNotFoundError: [Er...
FAILED ../tests/test_outputs.py::test_povray_built_from_correct_source - Asse...
============================== 3 failed in 1.20s ===============================
debconf: delaying package configuration, since apt-utils is not installed
downloading uv 0.9.5 x86_64-unknown-linux-gnu
Downloading cpython-3.13.9-linux-x86_64-gnu (download) (32.0MiB)
 Downloading cpython-3.13.9-linux-x86_64-gnu (download)
Downloading pillow (4.3MiB)
Downloading pygments (1.2MiB)
Downloading numpy (15.9MiB)
Downloading scipy (33.7MiB)
Downloading networkx (2.0MiB)
Downloading scikit-image (14.3MiB)
 Downloading pillow
 Downloading pygments
 Downloading networkx
 Downloading scikit-image
 Downloading numpy
 Downloading scipy
Installed 14 packages in 42ms
