$ docker exec 6eb2a3e2e4b9c3bf890703720d84075a8ffde77b16251f78c9712d6f80f9b45d bash -> rc=0
package locks free after 5s

$ docker exec 6eb2a3e2e4b9c3bf890703720d84075a8ffde77b16251f78c9712d6f80f9b45d bash -> rc=0

$ docker cp /eic/data/haoxiong_gpu6/bench_agentic/terminal-bench-2/sanitize-git-repo/tests/. 6eb2a3e2e4b9c3bf890703720d84075a8ffde77b16251f78c9712d6f80f9b45d:/tests/ -> rc=0

$ docker exec 6eb2a3e2e4b9c3bf890703720d84075a8ffde77b16251f78c9712d6f80f9b45d bash -> rc=0
^^^^^^^^^^^^^^^^^^^^^^^^^^^^^^^^^^^^^
_ _ _ _ _ _ _ _ _ _ _ _ _ _ _ _ _ _ _ _ _ _ _ _ _ _ _ _ _ _ _ _ _ _ _ _ _ _ _ _ 

self = <git.cmd.Git object at 0x7f216be47040>
header_line = b'd6987af002b122fef54bc0be402062c76488a4d9 missing\n'

    def _parse_object_header(self, header_line: str) -> Tuple[str, str, int]:
        """
        :param header_line:
            A line of the form::
    
                <hex_sha> type_string size_as_int
    
        :return:
            (hex_sha, type_string, size_as_int)
    
        :raise ValueError:
            If the header contains indication for an error due to incorrect input sha.
        """
        tokens = header_line.split()
        if len(tokens) != 3:
            if not tokens:
                err_msg = (
                    f"SHA is empty, possible dubious ownership in the repository "
                    f"""at {self._working_dir}.\n            If this is unintended run:\n\n         """
                    f"""             "git config --global --add safe.directory {self._working_dir}" """
                )
                raise ValueError(err_msg)
            else:
>               raise ValueError("SHA %s could not be resolved, git returned: %r" % (tokens[0], header_line.strip()))
E               ValueError: SHA b'd6987af002b122fef54bc0be402062c76488a4d9' could not be resolved, git returned: b'd6987af002b122fef54bc0be402062c76488a4d9 missing'

/root/.cache/uv/archive-v0/kRu69oG8QwhovnmDRZmPx/lib/python3.13/site-packages/git/cmd.py:1624: ValueError
==================================== PASSES ====================================
=========================== short test summary info ============================
PASSED ../../tests/test_outputs.py::test_removal_of_secret_information
PASSED ../../tests/test_outputs.py::test_correct_replacement_of_secret_information
FAILED ../../tests/test_outputs.py::test_no_other_files_changed - ValueError:...
========================= 1 failed, 2 passed in 0.25s ==========================
debconf: delaying package configuration, since apt-utils is not installed
downloading uv 0.9.5 x86_64-unknown-linux-gnu
Downloading pygments (1.2MiB)
 Downloading pygments
Installed 9 packages in 10ms
