$ docker exec hermes-a503035a bash -> rc=0
package locks still busy after 600s: killing apt-get/dpkg

$ docker exec hermes-a503035a bash -> rc=0

$ docker cp /eic/data/haoxiong_gpu6/bench_agentic/terminal-bench-2/polyglot-c-py/tests/. hermes-a503035a:/tests/ -> rc=0

$ docker exec hermes-a503035a bash -> rc=0
_len) __THROW __nonnull ((3, 4, 5));
      |                    ^~~~~~
/usr/include/stdlib.h:1047:20: error: expected declaration specifiers or ‘...’ before ‘size_t’
 1047 |                    size_t __len) __THROW __nonnull ((3, 4, 5));
      |                    ^~~~~~
/usr/include/stdlib.h:1051:45: error: expected declaration specifiers or ‘...’ before ‘size_t’
 1051 |                     char *__restrict __buf, size_t __len)
      |                                             ^~~~~~
/usr/include/stdlib.h:1055:45: error: expected declaration specifiers or ‘...’ before ‘size_t’
 1055 |                     char *__restrict __buf, size_t __len)
      |                                             ^~~~~~
/usr/include/stdlib.h:1062:36: error: expected declaration specifiers or ‘...’ before ‘size_t’
 1062 | extern int mblen (const char *__s, size_t __n) __THROW;
      |                                    ^~~~~~
/usr/include/stdlib.h:1066:48: error: expected declaration specifiers or ‘...’ before ‘size_t’
 1066 |                    const char *__restrict __s, size_t __n) __THROW;
      |                                                ^~~~~~
/usr/include/stdlib.h:1073:15: error: expected ‘=’, ‘,’, ‘;’, ‘asm’ or ‘__attribute__’ before ‘mbstowcs’
 1073 | extern size_t mbstowcs (wchar_t *__restrict  __pwcs,
      |               ^~~~~~~~
/usr/include/stdlib.h:1077:15: error: expected ‘=’, ‘,’, ‘;’, ‘asm’ or ‘__attribute__’ before ‘wcstombs’
 1077 | extern size_t wcstombs (char *__restrict __s,
      |               ^~~~~~~~
/app/polyglot/main.py.c:7:1: warning: return type defaults to ‘int’ [-Wimplicit-int]
    7 | main(int a,char**b){long c=0,d=1,e;int k=atoi(b[1]);for(e=0;e<k;e++){c+=d;d=c-d;}printf("%ld\n",c);return 0;}
      | ^~~~
=========================== short test summary info ============================
FAILED ../tests/test_outputs.py::test_fibonacci_polyglot - subprocess.CalledP...
============================== 1 failed in 0.12s ===============================
debconf: delaying package configuration, since apt-utils is not installed
downloading uv 0.9.5 x86_64-unknown-linux-gnu
Downloading cpython-3.13.9-linux-x86_64-gnu (download) (32.0MiB)
 Downloading cpython-3.13.9-linux-x86_64-gnu (download)
Downloading pygments (1.2MiB)
 Downloading pygments
Installed 6 packages in 15ms
