$ docker exec hermes-6bf00bf5 bash -> rc=0
package locks free after 5s

$ docker exec hermes-6bf00bf5 bash -> rc=0

$ docker cp /eic/data/haoxiong_gpu6/bench_agentic/terminal-bench-2/build-cython-ext/tests/. hermes-6bf00bf5:/tests/ -> rc=0

$ docker exec hermes-6bf00bf5 bash -> rc=0
, 'pytest', '/tmp/tmpuzuuv9p4/tests', '--ignore', '/tmp/tmpuzuuv9p4/tests/test_ra...onstructed_space_curve\n========================= 1 failed, 17 passed in 1.87s =========================\n", stderr='').returncode

/tests/test_outputs.py:173: AssertionError
==================================== PASSES ====================================
_______________________________ test_ccomplexity _______________________________
----------------------------- Captured stdout call -----------------------------

cython i1 0 0
______________________ test_cinvariants_python_vs_cython _______________________
----------------------------- Captured stdout call -----------------------------
Finding crossings

i = 0 / 47
3.0 crossings found


Currently comparing index 0
______________________________ test_example_usage ______________________________
----------------------------- Captured stdout call -----------------------------
Finding crossings

i = 0 / 97
7.0 crossings found

Simplifying: initially 14 crossings

-> 10 crossings after 1 runs
-> 10 crossings after 2 runs
Finding crossings

i = 0 / 97
4.0 crossings found

Simplifying: initially 8 crossings

-> 8 crossings after 1 runs
=========================== short test summary info ============================
PASSED ../tests/test_outputs.py::test_numpy_version
PASSED ../tests/test_outputs.py::test_repo_cloned
PASSED ../tests/test_outputs.py::test_pyknotid_core_import
PASSED ../tests/test_outputs.py::test_chelpers_cython_extension
PASSED ../tests/test_outputs.py::test_ccomplexity_cython_extension
PASSED ../tests/test_outputs.py::test_cinvariants_cython_extension
PASSED ../tests/test_outputs.py::test_chelpers
PASSED ../tests/test_outputs.py::test_ccomplexity
PASSED ../tests/test_outputs.py::test_cinvariants_python_vs_cython
PASSED ../tests/test_outputs.py::test_example_usage
FAILED ../tests/test_outputs.py::test_pyknotid_repository_tests - AssertionEr...
========================= 1 failed, 10 passed in 3.67s =========================
WARNING: Running pip as the 'root' user can result in broken permissions and conflicting behaviour with the system package manager, possibly rendering your system unusable. It is recommended to use a virtual environment instead: https://pip.pypa.io/warnings/venv. Use the --root-user-action option if you know what you are doing and want to suppress this warning.

[notice] A new release of pip is available: 25.2 -> 26.2.1
[notice] To update, run: pip install --upgrade pip
