$ docker exec hermes-4244e606 bash -> rc=0
package locks free after 5s

$ docker exec hermes-4244e606 bash -> rc=0

$ docker cp /eic/data/haoxiong_gpu6/bench_agentic/terminal-bench-2/openssl-selfsigned-cert/tests/. hermes-4244e606:/tests/ -> rc=0

$ docker exec hermes-4244e606 bash -> rc=0

Setting up libsasl2-modules:amd64 (2.1.28+dfsg-10) ...
Setting up libnghttp2-14:amd64 (1.52.0-1+deb12u3) ...
Setting up krb5-locales (1.20.1-2+deb12u5) ...
Setting up libldap-common (2.5.13+dfsg-5) ...
Setting up libkrb5support0:amd64 (1.20.1-2+deb12u5) ...
Setting up libsasl2-modules-db:amd64 (2.1.28+dfsg-10) ...
Setting up librtmp1:amd64 (2.4+20151223.gitfa8646d.1-2+b2) ...
Setting up libk5crypto3:amd64 (1.20.1-2+deb12u5) ...
Setting up libsasl2-2:amd64 (2.1.28+dfsg-10) ...
Setting up libssh2-1:amd64 (1.10.0-3+deb12u1) ...
Setting up libkrb5-3:amd64 (1.20.1-2+deb12u5) ...
Setting up publicsuffix (20230209.2326-1) ...
Setting up libldap-2.5-0:amd64 (2.5.13+dfsg-5) ...
Setting up libgssapi-krb5-2:amd64 (1.20.1-2+deb12u5) ...
Setting up libcurl4:amd64 (7.88.1-10+deb12u15) ...
Setting up curl (7.88.1-10+deb12u15) ...
Processing triggers for libc-bin (2.36-9+deb12u10) ...
no checksums to verify
installing to /root/.local/bin
  uv
  uvx
everything's installed!

To add $HOME/.local/bin to your PATH, either restart your shell or run:

    source $HOME/.local/bin/env (sh, bash, zsh)
    source $HOME/.local/bin/env.fish (fish)
============================= test session starts ==============================
platform linux -- Python 3.13.7, pytest-8.4.1, pluggy-1.6.0
rootdir: /tests
plugins: json-ctrf-0.3.5
collected 6 items

../tests/test_outputs.py ......                                          [100%]

==================================== PASSES ====================================
=========================== short test summary info ============================
PASSED ../tests/test_outputs.py::test_directory_structure
PASSED ../tests/test_outputs.py::test_key_file
PASSED ../tests/test_outputs.py::test_certificate_file
PASSED ../tests/test_outputs.py::test_combined_pem_file
PASSED ../tests/test_outputs.py::test_verification_file
PASSED ../tests/test_outputs.py::test_python_verification_script
============================== 6 passed in 0.21s ===============================
debconf: delaying package configuration, since apt-utils is not installed
downloading uv 0.9.5 x86_64-unknown-linux-gnu
Downloading pygments (1.2MiB)
 Downloading pygments
Installed 6 packages in 11ms
