$ docker exec f655c162a5097e991278120ced67eb6d7c4cd55200044bd01aae8bff3df73b1d bash -> rc=0
package locks free after 5s

$ docker exec f655c162a5097e991278120ced67eb6d7c4cd55200044bd01aae8bff3df73b1d bash -> rc=0

$ docker cp /eic/data/haoxiong_gpu6/bench_agentic/terminal-bench-2/count-dataset-tokens/tests/. f655c162a5097e991278120ced67eb6d7c4cd55200044bd01aae8bff3df73b1d:/tests/ -> rc=0

$ docker exec f655c162a5097e991278120ced67eb6d7c4cd55200044bd01aae8bff3df73b1d bash -> rc=0
) ...
Setting up librtmp1:amd64 (2.4+20151223.gitfa8646d.1-2+b2) ...
Setting up libk5crypto3:amd64 (1.20.1-2+deb12u5) ...
Setting up libsasl2-2:amd64 (2.1.28+dfsg-10) ...
Setting up libssh2-1:amd64 (1.10.0-3+deb12u1) ...
Setting up libkrb5-3:amd64 (1.20.1-2+deb12u5) ...
Setting up publicsuffix (20230209.2326-1) ...
Setting up libldap-2.5-0:amd64 (2.5.13+dfsg-5) ...
Setting up libgssapi-krb5-2:amd64 (1.20.1-2+deb12u5) ...
Setting up libcurl4:amd64 (7.88.1-10+deb12u15) ...
Setting up curl (7.88.1-10+deb12u15) ...
Processing triggers for libc-bin (2.36-9+deb12u10) ...
no checksums to verify
installing to /root/.local/bin
  uv
  uvx
everything's installed!

To add $HOME/.local/bin to your PATH, either restart your shell or run:

    source $HOME/.local/bin/env (sh, bash, zsh)
    source $HOME/.local/bin/env.fish (fish)
============================= test session starts ==============================
platform linux -- Python 3.13.7, pytest-8.4.1, pluggy-1.6.0
rootdir: /tests
plugins: json-ctrf-0.3.5
collected 1 item

../tests/test_outputs.py F                                               [100%]

=================================== FAILURES ===================================
_____________________ test_command_output_content_example ______________________

    def test_command_output_content_example():
        # Directly check the integer token count in the expected output file
        expected_output = "79586"
        actual_output = Path("/app/answer.txt").read_text()
    
>       assert expected_output in actual_output, (
            f"Expected '{expected_output}' to be in answer.txt"
        )
E       AssertionError: Expected '79586' to be in answer.txt
E       assert '79586' in '79566'

/tests/test_outputs.py:11: AssertionError
=========================== short test summary info ============================
FAILED ../tests/test_outputs.py::test_command_output_content_example - Assert...
============================== 1 failed in 0.03s ===============================
debconf: delaying package configuration, since apt-utils is not installed
downloading uv 0.9.5 x86_64-unknown-linux-gnu
Downloading pygments (1.2MiB)
 Downloading pygments
Installed 6 packages in 10ms
