$ docker exec hermes-7206cd61 bash -> rc=0
package locks free after 5s

$ docker exec hermes-7206cd61 bash -> rc=0

$ docker cp /eic/data/haoxiong_gpu6/bench_agentic/terminal-bench-2/adaptive-rejection-sampler/tests/. hermes-7206cd61:/tests/ -> rc=0

$ docker exec hermes-7206cd61 bash -> rc=0
 modular with at least 3 functions (e.g., ars, test, and auxiliary functions)
E       assert 0 >= 3

/tests/test_outputs.py:200: AssertionError
______________________ test_implementation_handles_errors ______________________

    def test_implementation_handles_errors():
        """Test that the implementation includes error handling."""
        app_dir = Path("/app")
    
        # Check for error handling in R code
        ars_file = app_dir / "ars.R"
        content = ars_file.read_text().lower()
    
        # R error handling patterns
        error_patterns = ["stop(", "stopifnot(", "trycatch", "if", "warning("]
        error_count = sum(1 for pattern in error_patterns if pattern in content)
    
>       assert error_count >= 2, (
            "Implementation should include proper error handling "
            "(e.g., stop(), stopifnot(), tryCatch)"
        )
E       AssertionError: Implementation should include proper error handling (e.g., stop(), stopifnot(), tryCatch)
E       assert 0 >= 2

/tests/test_outputs.py:218: AssertionError
==================================== PASSES ====================================
=========================== short test summary info ============================
PASSED ../tests/test_outputs.py::test_input_validation_functionality
PASSED ../tests/test_outputs.py::test_log_concavity_functionality
FAILED ../tests/test_outputs.py::test_ars_function_exists - AssertionError: N...
FAILED ../tests/test_outputs.py::test_can_generate_standard_distribution_samples
FAILED ../tests/test_outputs.py::test_has_test_function - AssertionError: No ...
FAILED ../tests/test_outputs.py::test_formal_testing_with_known_truth - Asser...
FAILED ../tests/test_outputs.py::test_sample_files_generated - AssertionError...
FAILED ../tests/test_outputs.py::test_implementation_is_modular - AssertionEr...
FAILED ../tests/test_outputs.py::test_implementation_handles_errors - Asserti...
========================= 7 failed, 2 passed in 1.10s ==========================
debconf: delaying package configuration, since apt-utils is not installed
downloading uv 0.9.5 x86_64-unknown-linux-gnu
Downloading cpython-3.13.9-linux-x86_64-gnu (download) (32.0MiB)
 Downloading cpython-3.13.9-linux-x86_64-gnu (download)
Downloading pygments (1.2MiB)
Downloading numpy (15.9MiB)
Downloading scipy (34.0MiB)
 Downloading pygments
 Downloading numpy
 Downloading scipy
Installed 8 packages in 40ms
