$ docker exec hermes-d2c1a0ac bash -> rc=0
package locks free after 5s

$ docker exec hermes-d2c1a0ac bash -> rc=0

$ docker cp /eic/data/haoxiong_gpu6/bench_agentic/terminal-bench-2/write-compressor/tests/. hermes-d2c1a0ac:/tests/ -> rc=0

$ docker exec hermes-d2c1a0ac bash -> rc=0
ecompression and capture output
        result = subprocess.run(
            f"cat {compressed_path} | {decompressor_path}",
            shell=True,
            capture_output=True,
            text=True,
        )
    
        # Check if decompression was successful
>       assert result.returncode == 0, f"Decompression failed with error: {result.stderr}"
E       AssertionError: Decompression failed with error: Segmentation fault (core dumped)
E         
E       assert 139 == 0
E        +  where 139 = CompletedProcess(args='cat /app/data.comp | /app/decomp2', returncode=139, stdout='', stderr='Segmentation fault (core dumped)\n').returncode

/tests/test_outputs.py:52: AssertionError
____________________________ test_compression_size _____________________________

    def test_compression_size():
        """Test that the compressed file size meets requirements."""
        setup()
        max_size_bytes = 2500  # As specified in task.yaml
    
        compressed_path = Path("/app/data.comp")
        assert compressed_path.exists(), f"Compressed file {compressed_path} does not exist"
    
        # Check file size
        file_size = compressed_path.stat().st_size
>       assert file_size <= max_size_bytes, (
            f"Compressed file size ({file_size} bytes) exceeds "
            f"maximum allowed size ({max_size_bytes} bytes)"
        )
E       AssertionError: Compressed file size (2675 bytes) exceeds maximum allowed size (2500 bytes)
E       assert 2675 <= 2500

/tests/test_outputs.py:70: AssertionError
==================================== PASSES ====================================
=========================== short test summary info ============================
PASSED ../tests/test_outputs.py::test_compressed_file_exists
FAILED ../tests/test_outputs.py::test_decompression_produces_original - Asser...
FAILED ../tests/test_outputs.py::test_compression_size - AssertionError: Comp...
========================= 2 failed, 1 passed in 0.32s ==========================
debconf: delaying package configuration, since apt-utils is not installed
downloading uv 0.9.5 x86_64-unknown-linux-gnu
Downloading cpython-3.13.9-linux-x86_64-gnu (download) (32.0MiB)
 Downloading cpython-3.13.9-linux-x86_64-gnu (download)
Downloading pygments (1.2MiB)
 Downloading pygments
Installed 6 packages in 9ms
