$ docker exec 68c39acfe6c6ca3ccd1d98c7ed2023e50b6e39f97c8e8da5751da7203b8ec27e bash -> rc=0
package locks free after 5s

$ docker exec 68c39acfe6c6ca3ccd1d98c7ed2023e50b6e39f97c8e8da5751da7203b8ec27e bash -> rc=0

$ docker cp /eic/data/haoxiong_gpu6/bench_agentic/terminal-bench-2/qemu-startup/tests/. 68c39acfe6c6ca3ccd1d98c7ed2023e50b6e39f97c8e8da5751da7203b8ec27e:/tests/ -> rc=0

$ docker exec 68c39acfe6c6ca3ccd1d98c7ed2023e50b6e39f97c8e8da5751da7203b8ec27e bash -> rc=0
/.local/bin/env (sh, bash, zsh)
    source $HOME/.local/bin/env.fish (fish)
============================= test session starts ==============================
platform linux -- Python 3.13.9, pytest-8.4.1, pluggy-1.6.0
rootdir: /tests
plugins: json-ctrf-0.3.5
collected 1 item

../tests/test_outputs.py F                                               [100%]

=================================== FAILURES ===================================
_________________________________ test_version _________________________________

    def test_version():
        """Test that Alpine Linux is running in QEMU and accessible via telnet.
    
        This test verifies that:
        1. QEMU successfully started Alpine Linux in the virtual machine
        2. Alpine Linux is configured to accept telnet connections on port 6665
        3. Root login is enabled and working via telnet
        4. The correct Alpine Linux kernel version (6.6.4-1-lts) is running
    
        The test uses expect to automate the telnet interaction, logging in
        as root, running 'uname -r' to get the kernel version, and capturing
        the output. This validates that the QEMU VM is running correctly with
        network connectivity and the expected Alpine Linux version.
        """
        # Reference the directory the agent operated in (the WORKDIR in the Docker env)
    
        with open("run.exp", "w") as f:
            f.write(expect)
        os.popen("expect -f run.exp").read()
    
        data_file = open("/tmp/data.txt").read()
    
>       assert "6.6.4-1-lts" in data_file, f"File {data_file} does not have proper version"
E       AssertionError: File  does not have proper version
E       assert '6.6.4-1-lts' in ''

/tests/test_outputs.py:60: AssertionError
=========================== short test summary info ============================
FAILED ../tests/test_outputs.py::test_version - AssertionError: File  does no...
========================= 1 failed in 92.08s (0:01:32) =========================
debconf: delaying package configuration, since apt-utils is not installed
downloading uv 0.9.5 x86_64-unknown-linux-gnu
Downloading cpython-3.13.9-linux-x86_64-gnu (download) (32.0MiB)
 Downloading cpython-3.13.9-linux-x86_64-gnu (download)
Downloading pygments (1.2MiB)
 Downloading pygments
Installed 6 packages in 10ms
