$ docker exec c4233532a0c614bf011b65f7f7d73a59f50bc036a89c350aa3edb6709f0a5916 bash -> rc=0
package locks free after 5s

$ docker exec c4233532a0c614bf011b65f7f7d73a59f50bc036a89c350aa3edb6709f0a5916 bash -> rc=0

$ docker cp /eic/data/haoxiong_gpu6/bench_agentic/terminal-bench-2/headless-terminal/tests/. c4233532a0c614bf011b65f7f7d73a59f50bc036a89c350aa3edb6709f0a5916:/tests/ -> rc=0

$ docker exec c4233532a0c614bf011b65f7f7d73a59f50bc036a89c350aa3edb6709f0a5916 bash -> rc=0
-py3-none-any.whl (365 kB)
Downloading requests-2.32.5-py3-none-any.whl (64 kB)
Downloading pytest_json_ctrf-0.3.5-py3-none-any.whl (6.8 kB)
Downloading charset_normalizer-3.5.1-cp313-cp313-manylinux2014_x86_64.manylinux_2_17_x86_64.manylinux_2_28_x86_64.whl (250 kB)
Downloading idna-3.19-py3-none-any.whl (68 kB)
Downloading pluggy-1.6.0-py3-none-any.whl (20 kB)
Downloading urllib3-2.7.0-py3-none-any.whl (131 kB)
Downloading certifi-2026.7.22-py3-none-any.whl (136 kB)
Downloading iniconfig-2.3.0-py3-none-any.whl (7.5 kB)
Downloading packaging-26.3-py3-none-any.whl (129 kB)
Downloading pygments-2.21.0-py3-none-any.whl (1.3 MB)
   ━━━━━━━━━━━━━━━━━━━━━━━━━━━━━━━━━━━━━━━━ 1.3/1.3 MB 43.2 MB/s  0:00:00
Installing collected packages: urllib3, pygments, pluggy, packaging, iniconfig, idna, charset_normalizer, certifi, requests, pytest, pytest-json-ctrf

Successfully installed certifi-2026.7.22 charset_normalizer-3.5.1 idna-3.19 iniconfig-2.3.0 packaging-26.3 pluggy-1.6.0 pygments-2.21.0 pytest-8.4.1 pytest-json-ctrf-0.3.5 requests-2.32.5 urllib3-2.7.0
============================= test session starts ==============================
platform linux -- Python 3.13.7, pytest-8.4.1, pluggy-1.6.0
rootdir: /tests
plugins: json-ctrf-0.3.5
collected 7 items

../tests/test_outputs.py .......                                         [100%]

==================================== PASSES ====================================
=========================== short test summary info ============================
PASSED ../tests/test_outputs.py::test_import
PASSED ../tests/test_outputs.py::test_send_non_interactive_command
PASSED ../tests/test_outputs.py::test_send_interactive_command
PASSED ../tests/test_outputs.py::test_cancel_command
PASSED ../tests/test_outputs.py::test_startup_files
PASSED ../tests/test_outputs.py::test_shell_state_persists_between_commands
PASSED ../tests/test_outputs.py::test_background_commands
============================== 7 passed in 14.32s ==============================
WARNING: Running pip as the 'root' user can result in broken permissions and conflicting behaviour with the system package manager, possibly rendering your system unusable. It is recommended to use a virtual environment instead: https://pip.pypa.io/warnings/venv. Use the --root-user-action option if you know what you are doing and want to suppress this warning.

[notice] A new release of pip is available: 25.2 -> 26.2.1
[notice] To update, run: pip install --upgrade pip
