$ docker exec hermes-4f30a4d6 bash -> rc=0
package locks free after 5s

$ docker exec hermes-4f30a4d6 bash -> rc=0

$ docker cp /eic/data/haoxiong_gpu6/bench_agentic/terminal-bench-2/regex-chess/tests/. hermes-4f30a4d6:/tests/ -> rc=0

$ docker exec hermes-4f30a4d6 bash -> rc=0
NR b KQkq -', 'rnbqkbnr/pppppppp/8/8/8/2P5/PP1PPPPP/RNBQKBNR b KQkq -', 'rnbqkbnr/pppppppp/8/8/8/3P4/PPP1PPPP/RNBQKBNR b KQkq -', 'rnbqkbnr/pppppppp/8/8/1P6/8/P1PPPPPP/RNBQKBNR b KQkq -', 'rnbqkbnr/pppppppp/8/8/8/5P2/PPPPP1PP/RNBQKBNR b KQkq -', 'rnbqkbnr/pppppppp/8/8/8/5N2/PPPPPPPP/RNBQKB1R b KQkq -', 'rnbqkbnr/pppppppp/8/8/4P3/8/PPPP1PPP/RNBQKBNR b KQkq -', 'rnbqkbnr/pppppppp/8/8/7P/8/PPPPPPP1/RNBQKBNR b KQkq -', 'rnbqkbnr/pppppppp/8/8/8/1P6/P1PPPPPP/RNBQKBNR b KQkq -', 'rnbqkbnr/pppppppp/8/8/8/4P3/PPPP1PPP/RNBQKBNR b KQkq -'}
E           assert ('rnbqkbnr/pppppppp/8/8/8/8/PPPPPPPP/RNBQKBNR w' in {'rnbqkbnr/pppppppp/8/8/1P6/8/P1PPPPPP/RNBQKBNR b KQkq -', 'rnbqkbnr/pppppppp/8/8/2P5/8/PP1PPPPP/RNBQKBNR b KQkq -', '...rnbqkbnr/pppppppp/8/8/5P2/8/PPPPP1PP/RNBQKBNR b KQkq -', 'rnbqkbnr/pppppppp/8/8/6P1/8/PPPPPP1P/RNBQKBNR b KQkq -', ...} or ('rnbqkbnr/pppppppp/8/8/8/8/PPPPPPPP/RNBQKBNR' + ' -') in {'rnbqkbnr/pppppppp/8/8/1P6/8/P1PPPPPP/RNBQKBNR b KQkq -', 'rnbqkbnr/pppppppp/8/8/2P5/8/PP1PPPPP/RNBQKBNR b KQkq -', '...rnbqkbnr/pppppppp/8/8/5P2/8/PPPPP1PP/RNBQKBNR b KQkq -', 'rnbqkbnr/pppppppp/8/8/6P1/8/PPPPPP1P/RNBQKBNR b KQkq -', ...})

/tests/test_outputs.py:35: AssertionError
----------------------------- Captured stdout call -----------------------------

Testing positions from: Unnamed Game
PGN string length: 749
Testing initial position
Position: rnbqkbnr/pppppppp/8/8/8/8/PPPPPPPP/RNBQKBNR w KQkq - 0 1, Our moves: 511, Python-chess moves: 20
==================================== PASSES ====================================
=========================== short test summary info ============================
PASSED ../tests/test_outputs.py::test_not_long
FAILED ../tests/test_outputs.py::test_immortal_game - AssertionError: Positio...
FAILED ../tests/test_outputs.py::test_game_of_century - AssertionError: Posit...
FAILED ../tests/test_outputs.py::test_naroditsky_ivanchuk - AssertionError: P...
========================= 3 failed, 1 passed in 11.17s =========================
debconf: delaying package configuration, since apt-utils is not installed
downloading uv 0.9.5 x86_64-unknown-linux-gnu
   Building chess==1.11.2
Downloading pygments (1.2MiB)
 Downloading pygments
      Built chess==1.11.2
Installed 7 packages in 7ms
