$ docker exec hermes-be1dd0ba bash -> rc=0
package locks free after 5s

$ docker exec hermes-be1dd0ba bash -> rc=0

$ docker cp /eic/data/haoxiong_gpu6/bench_agentic/terminal-bench-2/path-tracing/tests/. hermes-be1dd0ba:/tests/ -> rc=0

$ docker exec hermes-be1dd0ba bash -> rc=0
NotFoundError: If the file cannot be found.
        :exception PIL.UnidentifiedImageError: If the image cannot be opened and
           identified.
        :exception ValueError: If the ``mode`` is not "r", or if a ``StringIO``
           instance is used for ``fp``.
        :exception TypeError: If ``formats`` is not ``None``, a list or a tuple.
        """
    
        if mode != "r":
            msg = f"bad mode {repr(mode)}"  # type: ignore[unreachable]
            raise ValueError(msg)
        elif isinstance(fp, io.StringIO):
            msg = (  # type: ignore[unreachable]
                "StringIO cannot be used to open an image. "
                "Binary data must be used instead."
            )
            raise ValueError(msg)
    
        if formats is None:
            formats = ID
        elif not isinstance(formats, (list, tuple)):
            msg = "formats must be a list or tuple"  # type: ignore[unreachable]
            raise TypeError(msg)
    
        exclusive_fp = False
        filename: str | bytes = ""
        if is_path(fp):
            filename = os.fspath(fp)
    
        if filename:
>           fp = builtins.open(filename, "rb")
                 ^^^^^^^^^^^^^^^^^^^^^^^^^^^^^
E           FileNotFoundError: [Errno 2] No such file or directory: '/jail/reconstructed.ppm'

/root/.cache/uv/archive-v0/3BZT7SEh9OYLN1sj_cRIz/lib/python3.13/site-packages/PIL/Image.py:3505: FileNotFoundError
=========================== short test summary info ============================
FAILED ../tests/test_outputs.py::test_image_c_exists - AssertionError: File /...
FAILED ../tests/test_outputs.py::test_image_compiles - AssertionError: Compil...
FAILED ../tests/test_outputs.py::test_no_deps - AssertionError: Compilation f...
FAILED ../tests/test_outputs.py::test_runs_and_produces_output - AssertionErr...
FAILED ../tests/test_outputs.py::test_image_similarity - FileNotFoundError: [...
============================== 5 failed in 0.59s ===============================
debconf: delaying package configuration, since apt-utils is not installed
downloading uv 0.9.5 x86_64-unknown-linux-gnu
Downloading cpython-3.13.9-linux-x86_64-gnu (download) (32.0MiB)
 Downloading cpython-3.13.9-linux-x86_64-gnu (download)
Downloading pygments (1.2MiB)
Downloading pillow (4.4MiB)
Downloading numpy (15.9MiB)
 Downloading pillow
 Downloading pygments
 Downloading numpy
Installed 8 packages in 32ms
