$ docker exec hermes-fd5fac23 bash -> rc=0
package locks free after 5s

$ docker exec hermes-fd5fac23 bash -> rc=0

$ docker cp /eic/data/haoxiong_gpu6/bench_agentic/terminal-bench-2/reshard-c4-data/tests/. hermes-fd5fac23:/tests/ -> rc=0

$ docker exec hermes-fd5fac23 bash -> rc=0
 examples [00:03, 74803.33 examples/s]
Generating train split: 237429 examples [00:03, 73684.12 examples/s]
Generating train split: 246733 examples [00:03, 73503.48 examples/s]
Generating train split: 255874 examples [00:03, 74036.89 examples/s]
Generating train split: 264806 examples [00:03, 73897.07 examples/s]
Generating train split: 274149 examples [00:03, 74652.32 examples/s]
Generating train split: 283387 examples [00:03, 75089.00 examples/s]
Generating train split: 292646 examples [00:03, 75469.60 examples/s]
Generating train split: 301743 examples [00:04, 75298.31 examples/s]
Generating train split: 310765 examples [00:04, 74759.84 examples/s]
Generating train split: 319765 examples [00:04, 74642.76 examples/s]
Generating train split: 328806 examples [00:04, 74832.77 examples/s]
Generating train split: 338040 examples [00:04, 75036.05 examples/s]
Generating train split: 347254 examples [00:04, 75050.39 examples/s]
Generating train split: 356318 examples [00:04, 75325.49 examples/s]
Generating train split: 356318 examples [00:04, 73708.72 examples/s]
------------------------------ Captured log setup ------------------------------
WARNING  huggingface_hub.utils._http:_http.py:965 Warning: You are sending unauthenticated requests to the HF Hub. Please set a HF_TOKEN to enable higher rate limits and faster downloads.
----------------------------- Captured stdout call -----------------------------
Installing dependencies with uv sync...
Running compress script: /app/compress.py /app/c4_test_41bec542-39b4-4207-95d9-7c71cda7c072/ /app/c4_test_51549795-bdb3-471d-8b0a-e6d00f261649/
Compression test passed. Now testing decompression.
Running decompress script: /app/decompress.py /app/c4_test_51549795-bdb3-471d-8b0a-e6d00f261649/
=========================== short test summary info ============================
FAILED ../tests/test_outputs.py::test_compress_decompress_workflow - Assertio...
============================== 1 failed in 43.37s ==============================
Downloading pandas (10.4MiB)
Downloading pygments (1.2MiB)
Downloading numpy (15.9MiB)
Downloading aiohttp (1.7MiB)
Downloading pyarrow (47.8MiB)
Downloading hf-xet (4.3MiB)
 Downloading aiohttp
 Downloading hf-xet
 Downloading pygments
 Downloading numpy
 Downloading pandas
 Downloading pyarrow
Installed 40 packages in 96ms
