$ docker exec hermes-96d92a06 bash -> rc=0
package locks free after 5s

$ docker exec hermes-96d92a06 bash -> rc=0

$ docker cp /eic/data/haoxiong_gpu6/bench_agentic/terminal-bench-2/pypi-server/tests/. hermes-96d92a06:/tests/ -> rc=0

$ docker exec hermes-96d92a06 bash -> rc=0
b12u15_amd64.deb ...
Unpacking libcurl4:amd64 (7.88.1-10+deb12u15) over (7.88.1-10+deb12u14) ...
Setting up libcurl4:amd64 (7.88.1-10+deb12u15) ...
Setting up curl (7.88.1-10+deb12u15) ...
Processing triggers for libc-bin (2.36-9+deb12u10) ...
no checksums to verify
installing to /root/.local/bin
  uv
  uvx
everything's installed!

To add $HOME/.local/bin to your PATH, either restart your shell or run:

    source $HOME/.local/bin/env (sh, bash, zsh)
    source $HOME/.local/bin/env.fish (fish)
============================= test session starts ==============================
platform linux -- Python 3.13.7, pytest-8.4.1, pluggy-1.6.0
rootdir: /tests
plugins: json-ctrf-0.3.5
collected 1 item

../tests/test_outputs.py .                                               [100%]

==================================== PASSES ====================================
___________________________________ test_api ___________________________________
----------------------------- Captured stdout call -----------------------------
Uninstalling any existing vectorops package...
Successfully uninstalled existing vectorops package
Uninstall output: 
Installing vectorops==0.1.0 from local PyPI server...
Successfully installed vectorops from local PyPI server
Install output: Looking in indexes: http://localhost:8080/simple
Collecting vectorops==0.1.0
  Downloading http://localhost:8080/root/pypi/%2Bf/40b/be2ec619f9264/vectorops-0.1.0-py3-none-any.whl (1.5 kB)
Installing collected packages: vectorops
Successfully installed vectorops-0.1.0

Package info: Name: vectorops
Version: 0.1.0
Summary: Vector operations: dot product and friends
Home-page: 
Author: 
Author-email: 
License: MIT
Location: /root/.cache/uv/archive-v0/1rCeo-UBGrVLSzw9_UtTq/lib/python3.13/site-packages
Requires: 
Required-by: 

=========================== short test summary info ============================
PASSED ../tests/test_outputs.py::test_api
============================== 1 passed in 1.55s ===============================
debconf: delaying package configuration, since apt-utils is not installed
downloading uv 0.9.5 x86_64-unknown-linux-gnu
Downloading pygments (1.2MiB)
Downloading pip (1.7MiB)
 Downloading pygments
 Downloading pip
Installed 7 packages in 37ms
