$ docker exec 2d0623fa821b891a5979d83e3fab4118a64b218a5a888ff386acc01fde40aea2 bash -> rc=0
package locks free after 5s

$ docker exec 2d0623fa821b891a5979d83e3fab4118a64b218a5a888ff386acc01fde40aea2 bash -> rc=0

$ docker cp /eic/data/haoxiong_gpu6/bench_agentic/terminal-bench-2/model-extraction-relu-logits/tests/. 2d0623fa821b891a5979d83e3fab4118a64b218a5a888ff386acc01fde40aea2:/tests/ -> rc=0

$ docker exec 2d0623fa821b891a5979d83e3fab4118a64b218a5a888ff386acc01fde40aea2 bash -> rc=0
bnghttp2-14:amd64 (1.52.0-1+deb12u3) ...
Setting up krb5-locales (1.20.1-2+deb12u5) ...
Setting up libldap-common (2.5.13+dfsg-5) ...
Setting up libkrb5support0:amd64 (1.20.1-2+deb12u5) ...
Setting up libsasl2-modules-db:amd64 (2.1.28+dfsg-10) ...
Setting up librtmp1:amd64 (2.4+20151223.gitfa8646d.1-2+b2) ...
Setting up libk5crypto3:amd64 (1.20.1-2+deb12u5) ...
Setting up libsasl2-2:amd64 (2.1.28+dfsg-10) ...
Setting up libssh2-1:amd64 (1.10.0-3+deb12u1) ...
Setting up libkrb5-3:amd64 (1.20.1-2+deb12u5) ...
Setting up publicsuffix (20230209.2326-1) ...
Setting up libldap-2.5-0:amd64 (2.5.13+dfsg-5) ...
Setting up libgssapi-krb5-2:amd64 (1.20.1-2+deb12u5) ...
Setting up libcurl4:amd64 (7.88.1-10+deb12u15) ...
Setting up curl (7.88.1-10+deb12u15) ...
Processing triggers for libc-bin (2.36-9+deb12u10) ...
no checksums to verify
installing to /root/.local/bin
  uv
  uvx
everything's installed!

To add $HOME/.local/bin to your PATH, either restart your shell or run:

    source $HOME/.local/bin/env (sh, bash, zsh)
    source $HOME/.local/bin/env.fish (fish)
============================= test session starts ==============================
platform linux -- Python 3.13.7, pytest-8.4.1, pluggy-1.6.0
rootdir: /tests
plugins: json-ctrf-0.3.5
collected 1 item

../tests/test_outputs.py .                                               [100%]

==================================== PASSES ====================================
__________________________ test_stolen_matrix_matches __________________________
----------------------------- Captured stderr call -----------------------------
line 0: 29 breakpoints, 29 clusters (k_est=29)
line 1: 30 breakpoints, 30 clusters (k_est=30)
line 2: 28 breakpoints, 30 clusters (k_est=30)
saved (30, 10) matrix to /app/stolen_A1.npy
=========================== short test summary info ============================
PASSED ../tests/test_outputs.py::test_stolen_matrix_matches
============================== 1 passed in 4.65s ===============================
debconf: delaying package configuration, since apt-utils is not installed
downloading uv 0.9.5 x86_64-unknown-linux-gnu
Downloading numpy (15.9MiB)
Downloading pygments (1.2MiB)
 Downloading pygments
 Downloading numpy
Installed 7 packages in 30ms
