$ docker exec hermes-515aa460 bash -> rc=0
package locks free after 5s

$ docker exec hermes-515aa460 bash -> rc=0

$ docker cp /eic/data/haoxiong_gpu6/bench_agentic/terminal-bench-2/build-pmars/tests/. hermes-515aa460:/tests/ -> rc=0

$ docker exec hermes-515aa460 bash -> rc=0
= test session starts ==============================
platform linux -- Python 3.13.5, pytest-8.4.1, pluggy-1.6.0
rootdir: /tests
plugins: json-ctrf-0.3.5
collected 4 items

../tests/test_outputs.py ..FF                                            [100%]

=================================== FAILURES ===================================
___________________________ test_debian_source_used ____________________________

    def test_debian_source_used():
        """Verify pmars source was obtained from Debian packages."""
        source_dirs = list(Path("/app").glob("pmars-*"))
>       assert source_dirs, (
            "No pmars source directory found in `/app`,"
            "Source must be extracted to `/app` as instructed."
        )
E       AssertionError: No pmars source directory found in `/app`,Source must be extracted to `/app` as instructed.
E       assert []

/tests/test_outputs.py:63: AssertionError
____________________________ test_built_from_source ____________________________

    def test_built_from_source():
        """Verify pmars was actually built from source code."""
        source_dirs = list(Path("/app").glob("pmars-*"))
>       assert source_dirs, (
            "No pmars source directory found in `/app`,"
            "Source must be extracted to `/app` as instructed."
        )
E       AssertionError: No pmars source directory found in `/app`,Source must be extracted to `/app` as instructed.
E       assert []

/tests/test_outputs.py:76: AssertionError
==================================== PASSES ====================================
=========================== short test summary info ============================
PASSED ../tests/test_outputs.py::test_pmars_works
PASSED ../tests/test_outputs.py::test_headless_no_x11
FAILED ../tests/test_outputs.py::test_debian_source_used - AssertionError: No...
FAILED ../tests/test_outputs.py::test_built_from_source - AssertionError: No ...
========================= 2 failed, 2 passed in 0.21s ==========================
debconf: unable to initialize frontend: Dialog
debconf: (TERM is not set, so the dialog frontend is not usable.)
debconf: falling back to frontend: Readline
debconf: unable to initialize frontend: Readline
debconf: (This frontend requires a controlling tty.)
debconf: falling back to frontend: Teletype
debconf: unable to initialize frontend: Teletype
debconf: (This frontend requires a controlling tty.)
debconf: falling back to frontend: Noninteractive
downloading uv 0.9.5 x86_64-unknown-linux-gnu
Downloading pygments (1.2MiB)
 Downloading pygments
Installed 6 packages in 12ms
