$ docker exec dffd877b1927b724fed60639b0001da4f002d7d8419a52c7712093754df0892d bash -> rc=0
package locks free after 5s

$ docker exec dffd877b1927b724fed60639b0001da4f002d7d8419a52c7712093754df0892d bash -> rc=0

$ docker cp /eic/data/haoxiong_gpu6/bench_agentic/terminal-bench-2/git-multibranch/tests/. dffd877b1927b724fed60639b0001da4f002d7d8419a52c7712093754df0892d:/tests/ -> rc=0

$ docker exec dffd877b1927b724fed60639b0001da4f002d7d8419a52c7712093754df0892d bash -> rc=0
ng database ... 25%
(Reading database ... 30%
(Reading database ... 35%
(Reading database ... 40%
(Reading database ... 45%
(Reading database ... 50%
(Reading database ... 55%
(Reading database ... 60%
(Reading database ... 65%
(Reading database ... 70%
(Reading database ... 75%
(Reading database ... 80%
(Reading database ... 85%
(Reading database ... 90%
(Reading database ... 95%
(Reading database ... 100%
(Reading database ... 23913 files and directories currently installed.)
Preparing to unpack .../openssh-sftp-server_1%3a9.6p1-3ubuntu13.19_amd64.deb ...
Unpacking openssh-sftp-server (1:9.6p1-3ubuntu13.19) over (1:9.6p1-3ubuntu13.14) ...
Preparing to unpack .../openssh-server_1%3a9.6p1-3ubuntu13.19_amd64.deb ...
Unpacking openssh-server (1:9.6p1-3ubuntu13.19) over (1:9.6p1-3ubuntu13.14) ...
Preparing to unpack .../openssh-client_1%3a9.6p1-3ubuntu13.19_amd64.deb ...
Unpacking openssh-client (1:9.6p1-3ubuntu13.19) over (1:9.6p1-3ubuntu13.14) ...
Setting up openssh-client (1:9.6p1-3ubuntu13.19) ...
Setting up openssh-sftp-server (1:9.6p1-3ubuntu13.19) ...
Setting up openssh-server (1:9.6p1-3ubuntu13.19) ...
invoke-rc.d: could not determine current runlevel
invoke-rc.d: policy-rc.d denied execution of restart.
spawn git clone git@localhost:/git/project project-test
Cloning into 'project-test'...
ssh: connect to host localhost port 22: Connection refused

fatal: Could not read from remote repository.

Please make sure you have the correct access rights
and the repository exists.

----------------------------- Captured stderr call -----------------------------
debconf: delaying package configuration, since apt-utils is not installed
expect: spawn id exp3 not open
    while executing
"expect eof"
    (file "./git_push.exp" line 9)
=========================== short test summary info ============================
FAILED ../tests/test_outputs.py::test_multi_branch_https_deploy - AssertionEr...
============================== 1 failed in 4.97s ===============================
debconf: delaying package configuration, since apt-utils is not installed
downloading uv 0.9.5 x86_64-unknown-linux-gnu
Downloading cpython-3.13.9-linux-x86_64-gnu (download) (32.0MiB)
 Downloading cpython-3.13.9-linux-x86_64-gnu (download)
Downloading pygments (1.2MiB)
 Downloading pygments
Installed 6 packages in 13ms
