$ docker exec hermes-b08a33f5 bash -> rc=0
package locks free after 5s

$ docker exec hermes-b08a33f5 bash -> rc=0

$ docker cp /eic/data/haoxiong_gpu6/bench_agentic/terminal-bench-2/tune-mjcf/tests/. hermes-b08a33f5:/tests/ -> rc=0

$ docker exec hermes-b08a33f5 bash -> rc=0
l_ref, seed)
    
        # compare final states
        state_diff = np.linalg.norm(final_state - final_state_ref)
        print(f"Final state difference: {state_diff:.4f}")
    
>       assert np.allclose(final_state, final_state_ref, atol=atol), (
            f"Final states differ by {state_diff}, exceeding tolerance {atol}"
        )
E       AssertionError: Final states differ by 0.7304354499564466, exceeding tolerance 1e-05
E       assert False
E        +  where False = <function allclose at 0x7ffaa2769b30>(array([ 2.00000000e+00,  9.99879031e-01, -3.45670089e-03, -1.16932477e-02,\n        9.65620625e-03,  9.99906709e-01, -8...1810e-19,  0.00000000e+00,  0.00000000e+00,\n        3.61400724e-18, -1.15648232e-16, -3.61400724e-18,  0.00000000e+00]), array([ 2.00000000e+00,  9.75034128e-01, -1.76295301e-03,  2.22024198e-01,\n       -3.25540501e-03,  9.87819552e-01, -1...3129e-05,  5.88267343e-03, -1.16608281e-02,\n       -1.51514709e-05,  3.09273976e-03, -7.04732403e-03, -6.08774213e-02]), atol=1e-05)
E        +    where <function allclose at 0x7ffaa2769b30> = np.allclose

/tests/test_outputs.py:67: AssertionError
----------------------------- Captured stdout call -----------------------------
Final state difference: 0.7304
==================================== PASSES ====================================
_______________________________ test_model_speed _______________________________
----------------------------- Captured stdout call -----------------------------
Avg simulation time: 0.0165 secs
Avg simulation time (ref): 0.5293 secs
Speedup: 32.05x
Time pctg: 0.03
=========================== short test summary info ============================
PASSED ../tests/test_outputs.py::test_model_ref_unchanged
PASSED ../tests/test_outputs.py::test_tuned_model_exists
PASSED ../tests/test_outputs.py::test_model_speed
FAILED ../tests/test_outputs.py::test_correctness - AssertionError: Final sta...
========================= 1 failed, 3 passed in 12.07s =========================
debconf: delaying package configuration, since apt-utils is not installed
downloading uv 0.9.5 x86_64-unknown-linux-gnu
Downloading pyopengl (3.0MiB)
Downloading pygments (1.2MiB)
Downloading numpy (15.9MiB)
Downloading mujoco (6.4MiB)
 Downloading pygments
 Downloading mujoco
 Downloading numpy
 Downloading pyopengl
Installed 15 packages in 73ms
