$ docker exec hermes-0120c71f bash -> rc=0
package locks free after 5s

$ docker exec hermes-0120c71f bash -> rc=0

$ docker cp /eic/data/haoxiong_gpu6/bench_agentic/terminal-bench-2/fix-ocaml-gc/tests/. hermes-0120c71f:/tests/ -> rc=0

$ docker exec hermes-0120c71f bash -> rc=0
 ... testing 'float.ml' => passed
 ... testing 'float_physical_equality.ml' => passed
 ... testing 'includestruct.ml' => passed
 ... testing 'localexn.ml' => passed
 ... testing 'localfunction.ml' => passed
 ... testing 'maps.ml' => passed
 ... testing 'min_int.ml' => passed
 ... testing 'objects.ml' => passed
 ... testing 'opt_variants.ml' => passed
 ... testing 'patmatch.ml' => passed
 ... testing 'patmatch_for_multiple.ml' => passed
 ... testing 'patmatch_incoherence.ml' => passed
 ... testing 'patmatch_split_no_or.ml' => passed
 ... testing 'pr7253.ml' => passed
 ... testing 'pr7533.ml' => passed
 ... testing 'pr7657.ml' => passed
 ... testing 'recvalues.ml' => passed
 ... testing 'sets.ml' => passed
 ... testing 'stringmatch.ml' => passed
 ... testing 'switch_opts.ml' => passed
 ... testing 'tailcalls.ml' => passed
 ... testing 'trigraph.ml' => passed
 ... testing 'tuple_match.ml' => passed
 ... testing 'unit_naming.ml' => passed
 ... testing 'zero_divided_by_n.ml' => passed
make[1]: Entering directory '/app/ocaml/testsuite'
make[1]: Leaving directory '/app/ocaml/testsuite'
make[1]: Entering directory '/app/ocaml/testsuite'


Summary:
    40 tests passed
     0 tests skipped
     0 tests failed
     0 tests not started (parent test skipped or failed)
     0 unexpected errors
    40 tests considered
make[1]: Leaving directory '/app/ocaml/testsuite'
make: Leaving directory '/app/ocaml/testsuite'
============================= test session starts ==============================
platform linux -- Python 3.13.9, pytest-8.4.1, pluggy-1.6.0
rootdir: /tests
plugins: json-ctrf-0.3.5
collected 1 item

../../tests/test_outputs.py .                                            [100%]

==================================== PASSES ====================================
=========================== short test summary info ============================
PASSED ../../tests/test_outputs.py::test_tests_output
============================== 1 passed in 0.05s ===============================
...
Note: switching to 'tag_purposefully_broken_sweeping_changes'.

You are in 'detached HEAD' state. You can look around, make experimental
changes and commit them, and you can discard any commits you make in this
state without impacting any branches by switching back to a branch.

If you want to create a new branch to retain commits you create, you may
do so (now or later) by using -c with the switch command. Example:

  git switch -c <new-branch-name>

Or undo this operation with:

  git switch -

Turn off this advice by setting config variable advice.detachedHead to false

HEAD is now at 356d558bf8 use POOL_FIRST_BLOCK
configure: WARNING: zstd library not found
configure: WARNING: compressed compilation artefacts not supported
rm: cannot remove 'tests.txt': No such file or directory
Downloading cpython-3.13.9-linux-x86_64-gnu (download) (32.0MiB)
 Downloading cpython-3.13.9-linux-x86_64-gnu (download)
Downloading pygments (1.2MiB)
 Downloading pygments
Installed 6 packages in 14ms
