$ docker exec 1ba30337e84c598ced919a15e833eef4de7083df4f577f48a66a270f534a3c20 bash -> rc=0
package locks free after 5s

$ docker exec 1ba30337e84c598ced919a15e833eef4de7083df4f577f48a66a270f534a3c20 bash -> rc=0

$ docker cp /eic/data/haoxiong_gpu6/bench_agentic/terminal-bench-2/constraints-scheduling/tests/. 1ba30337e84c598ced919a15e833eef4de7083df4f577f48a66a270f534a3c20:/tests/ -> rc=0

$ docker exec 1ba30337e84c598ced919a15e833eef4de7083df4f577f48a66a270f534a3c20 bash -> rc=0
8.5.0-2ubuntu10.13) ...
Setting up curl (8.5.0-2ubuntu10.13) ...
Processing triggers for libc-bin (2.39-0ubuntu8.6) ...
no checksums to verify
installing to /root/.local/bin
  uv
  uvx
everything's installed!

To add $HOME/.local/bin to your PATH, either restart your shell or run:

    source $HOME/.local/bin/env (sh, bash, zsh)
    source $HOME/.local/bin/env.fish (fish)
============================= test session starts ==============================
platform linux -- Python 3.13.9, pytest-8.4.1, pluggy-1.6.0
rootdir: /tests
plugins: json-ctrf-0.3.5
collected 3 items

../tests/test_outputs.py .F.                                             [100%]

=================================== FAILURES ===================================
__________________ test_constraints_conflicts_business_hours ___________________

    def test_constraints_conflicts_business_hours():
        """Hard constraints + business hours + no conflicts vs repo calendars."""
        c = _r("/app/meeting_scheduled.ics")
        s = _dt(r"DTSTART:(\d{8}T\d{6}Z)", c)
        e = s + timedelta(hours=1)
        assert _hard_ok(s, e)
    
        A, B, C = (
            _repo(n)
            for n in ("alice_calendar.ics", "bob_calendar.ics", "carol_calendar.ics")
        )
>       assert not any(_overlap(s, e, cal) for cal in (A, B, C))
E       assert not True
E        +  where True = any(<generator object test_constraints_conflicts_business_hours.<locals>.<genexpr> at 0x7f33cc8ab1f0>)

/tests/test_outputs.py:143: AssertionError
==================================== PASSES ====================================
=========================== short test summary info ============================
PASSED ../tests/test_outputs.py::test_structure_event_title_attendees_duration_window
PASSED ../tests/test_outputs.py::test_earliest_tiebreakers_and_carol_buffer
FAILED ../tests/test_outputs.py::test_constraints_conflicts_business_hours - ...
========================= 1 failed, 2 passed in 0.10s ==========================
debconf: delaying package configuration, since apt-utils is not installed
downloading uv 0.9.5 x86_64-unknown-linux-gnu
Downloading cpython-3.13.9-linux-x86_64-gnu (download) (32.0MiB)
 Downloading cpython-3.13.9-linux-x86_64-gnu (download)
Downloading pygments (1.2MiB)
 Downloading pygments
Installed 6 packages in 16ms
