$ docker exec d5deb9f33828cd108ea3075156d5444fd224e650f441d5cfcacebd89d4803848 bash -> rc=0
package locks free after 5s

$ docker exec d5deb9f33828cd108ea3075156d5444fd224e650f441d5cfcacebd89d4803848 bash -> rc=0

$ docker cp /eic/data/haoxiong_gpu6/bench_agentic/terminal-bench-2/caffe-cifar-10/tests/. d5deb9f33828cd108ea3075156d5444fd224e650f441d5cfcacebd89d4803848:/tests/ -> rc=0

$ docker exec d5deb9f33828cd108ea3075156d5444fd224e650f441d5cfcacebd89d4803848 bash -> rc=0
ining_output_file} does not exist"
        )
E       AssertionError: Training output file /app/caffe/training_output.txt does not exist
E       assert False
E        +  where False = exists()
E        +    where exists = PosixPath('/app/caffe/training_output.txt').exists

/tests/test_outputs.py:88: AssertionError
_______________________ test_model_accuracy_verification _______________________

    def test_model_accuracy_verification():
        """Test that model accuracy meets threshold and training output exists"""
        caffe_base = Path("/app/caffe")
        caffe_bin = caffe_base / ".build_release/tools/caffe.bin"
        model_file = str(caffe_base / "examples/cifar10/cifar10_quick_train_test.prototxt")
        weights_file = str(
            caffe_base / "examples/cifar10/cifar10_quick_iter_500.caffemodel"
        )
        training_output_file = caffe_base / "training_output.txt"
    
>       assert training_output_file.exists(), (
            f"Training output file {training_output_file} does not exist"
        )
E       AssertionError: Training output file /app/caffe/training_output.txt does not exist
E       assert False
E        +  where False = exists()
E        +    where exists = PosixPath('/app/caffe/training_output.txt').exists

/tests/test_outputs.py:131: AssertionError
==================================== PASSES ====================================
=========================== short test summary info ============================
PASSED ../tests/test_outputs.py::test_caffe_version_and_source
PASSED ../tests/test_outputs.py::test_prototxt_files_exist
FAILED ../tests/test_outputs.py::test_cifar10_model_exists - AssertionError: ...
FAILED ../tests/test_outputs.py::test_cpu_only_training_configured - Assertio...
FAILED ../tests/test_outputs.py::test_training_completed_500_iterations - Ass...
FAILED ../tests/test_outputs.py::test_model_accuracy_verification - Assertion...
========================= 4 failed, 2 passed in 0.29s ==========================
downloading uv 0.9.5 x86_64-unknown-linux-gnu
Downloading cpython-3.13.9-linux-x86_64-gnu (download) (32.0MiB)
 Downloading cpython-3.13.9-linux-x86_64-gnu (download)
Downloading pygments (1.2MiB)
 Downloading pygments
Installed 6 packages in 10ms
