$ docker exec 49b35f542a89e1458426606b2fd4605298efd32d085e0003f2591f2c6ae3246c bash -> rc=0
package locks free after 5s

$ docker exec 49b35f542a89e1458426606b2fd4605298efd32d085e0003f2591f2c6ae3246c bash -> rc=0

$ docker cp /eic/data/haoxiong_gpu6/bench_agentic/terminal-bench-2/configure-git-webserver/tests/. 49b35f542a89e1458426606b2fd4605298efd32d085e0003f2591f2c6ae3246c:/tests/ -> rc=0

$ docker exec 49b35f542a89e1458426606b2fd4605298efd32d085e0003f2591f2c6ae3246c bash -> rc=0
dd $HOME/.local/bin to your PATH, either restart your shell or run:

    source $HOME/.local/bin/env (sh, bash, zsh)
    source $HOME/.local/bin/env.fish (fish)
============================= test session starts ==============================
platform linux -- Python 3.13.9, pytest-8.4.1, pluggy-1.6.0
rootdir: /tests
plugins: json-ctrf-0.3.5
collected 1 item

../tests/test_outputs.py F                                               [100%]

=================================== FAILURES ===================================
____________________________ test_hello_html_exists ____________________________

    def test_hello_html_exists():
        """Test that the hello.html file exists and contains the correct content."""
        result = subprocess.run(["bash", "/tests/verify.sh"], capture_output=True, text=True)
    
>       assert "TEST PASSED" in result.stdout, "Did not pass test"
E       AssertionError: Did not pass test
E       assert 'TEST PASSED' in 'Hit:1 http://archive.ubuntu.com/ubuntu noble InRelease\nHit:2 http://security.ubuntu.com/ubuntu noble-security InRele...Testing web server...\nUsing curl to test web server...\n❌ TEST FAILED: Web server returned HTTP 404\nTest completed\n'
E        +  where 'Hit:1 http://archive.ubuntu.com/ubuntu noble InRelease\nHit:2 http://security.ubuntu.com/ubuntu noble-security InRele...Testing web server...\nUsing curl to test web server...\n❌ TEST FAILED: Web server returned HTTP 404\nTest completed\n' = CompletedProcess(args=['bash', '/tests/verify.sh'], returncode=0, stdout="Hit:1 http://archive.ubuntu.com/ubuntu noble...rned HTTP 404\nTest completed\n", stderr='debconf: delaying package configuration, since apt-utils is not installed\n').stdout

/tests/test_outputs.py:13: AssertionError
=========================== short test summary info ============================
FAILED ../tests/test_outputs.py::test_hello_html_exists - AssertionError: Did...
============================== 1 failed in 27.27s ==============================
downloading uv 0.9.5 x86_64-unknown-linux-gnu
Downloading cpython-3.13.9-linux-x86_64-gnu (download) (32.0MiB)
 Downloading cpython-3.13.9-linux-x86_64-gnu (download)
Downloading pygments (1.2MiB)
 Downloading pygments
Installed 6 packages in 14ms
