$ docker exec hermes-8cf94708 bash -> rc=0
package locks free after 5s

$ docker exec hermes-8cf94708 bash -> rc=0

$ docker cp /eic/data/haoxiong_gpu6/bench_agentic/terminal-bench-2/sqlite-with-gcov/tests/. hermes-8cf94708:/tests/ -> rc=0

$ docker exec hermes-8cf94708 bash -> rc=0
tend: Readline
debconf: unable to initialize frontend: Readline
debconf: (Can't locate Term/ReadLine.pm in @INC (you may need to install the Term::ReadLine module) (@INC entries checked: /etc/perl /usr/local/lib/x86_64-linux-gnu/perl/5.38.2 /usr/local/share/perl/5.38.2 /usr/lib/x86_64-linux-gnu/perl5/5.38 /usr/share/perl5 /usr/lib/x86_64-linux-gnu/perl-base /usr/lib/x86_64-linux-gnu/perl/5.38 /usr/share/perl/5.38 /usr/local/lib/site_perl) at /usr/share/perl5/Debconf/FrontEnd/Readline.pm line 8.)
debconf: falling back to frontend: Teletype
Updating certificates in /etc/ssl/certs...
121 added, 0 removed; done.
Setting up libgssapi-krb5-2:amd64 (1.20.1-6ubuntu2.8) ...
Setting up libssh-4:amd64 (0.10.6-2ubuntu0.5) ...
Setting up libcurl4t64:amd64 (8.5.0-2ubuntu10.13) ...
Setting up curl (8.5.0-2ubuntu10.13) ...
Processing triggers for libc-bin (2.39-0ubuntu8.8) ...
Processing triggers for ca-certificates (20260601~24.04.1) ...
Updating certificates in /etc/ssl/certs...
0 added, 0 removed; done.
Running hooks in /etc/ca-certificates/update.d...
done.
no checksums to verify
installing to /root/.local/bin
  uv
  uvx
everything's installed!

To add $HOME/.local/bin to your PATH, either restart your shell or run:

    source $HOME/.local/bin/env (sh, bash, zsh)
    source $HOME/.local/bin/env.fish (fish)
============================= test session starts ==============================
platform linux -- Python 3.13.9, pytest-8.4.1, pluggy-1.6.0
rootdir: /tests
plugins: json-ctrf-0.3.5
collected 3 items

../tests/test_outputs.py ...                                             [100%]

==================================== PASSES ====================================
=========================== short test summary info ============================
PASSED ../tests/test_outputs.py::test_sqlite_compiled
PASSED ../tests/test_outputs.py::test_sqlite_in_path
PASSED ../tests/test_outputs.py::test_gcov_enabled
============================== 3 passed in 0.10s ===============================
debconf: delaying package configuration, since apt-utils is not installed
downloading uv 0.9.5 x86_64-unknown-linux-gnu
Downloading cpython-3.13.9-linux-x86_64-gnu (download) (32.0MiB)
 Downloading cpython-3.13.9-linux-x86_64-gnu (download)
Downloading pygments (1.2MiB)
 Downloading pygments
Installed 6 packages in 12ms
