$ docker exec fd2f2d2dee6de9d97d82a40f5e60f31b49892fa7e77d8d29d402202fdec22dea bash -> rc=0
package locks free after 5s

$ docker exec fd2f2d2dee6de9d97d82a40f5e60f31b49892fa7e77d8d29d402202fdec22dea bash -> rc=0

$ docker cp /eic/data/haoxiong_gpu6/bench_agentic/terminal-bench-2/cobol-modernization/tests/. fd2f2d2dee6de9d97d82a40f5e60f31b49892fa7e77d8d29d402202fdec22dea:/tests/ -> rc=0

$ docker exec fd2f2d2dee6de9d97d82a40f5e60f31b49892fa7e77d8d29d402202fdec22dea bash -> rc=0
    where exists = PosixPath('/app/program.py').exists
E            +      where PosixPath('/app/program.py') = Path('/app/program.py')

/tests/test_outputs.py:18: AssertionError
_____________________________ test_program_output ______________________________

    def test_program_output():
        """Test that the program produces the expected output and file contents"""
        initial_accounts = (
            "U001John Doe            0000001000U002Jane Smith"
            "          0000002000U003Bob Wilson          0000001500"
        )
    
        initial_books = (
            "B001Python Basics       U001B002COBOL Guide         "
            "U002B003Java Tutorial       U003"
        )
    
        initial_transactions = ""
    
        data_dir = Path("/app/data")
    
        (data_dir / "ACCOUNTS.DAT").write_text(initial_accounts)
        (data_dir / "BOOKS.DAT").write_text(initial_books)
        (data_dir / "TRANSACTIONS.DAT").write_text(initial_transactions)
    
        Path("/app/src/INPUT.DAT").write_text("U001U003B0030000000020")
        result = subprocess.run(
            ["python", "/app/program.py"], capture_output=True, text=True
        )
>       assert result.returncode == 0, "Command failed"
E       AssertionError: Command failed
E       assert 2 == 0
E        +  where 2 = CompletedProcess(args=['python', '/app/program.py'], returncode=2, stdout='', stderr="python: can't open file '/app/program.py': [Errno 2] No such file or directory\n").returncode

/tests/test_outputs.py:58: AssertionError
==================================== PASSES ====================================
=========================== short test summary info ============================
PASSED ../tests/test_outputs.py::test_data_files_exist
FAILED ../tests/test_outputs.py::test_required_files_exist - AssertionError: ...
FAILED ../tests/test_outputs.py::test_program_output - AssertionError: Comman...
========================= 2 failed, 1 passed in 0.06s ==========================
debconf: delaying package configuration, since apt-utils is not installed
downloading uv 0.9.5 x86_64-unknown-linux-gnu
Downloading pygments (1.2MiB)
 Downloading pygments
Installed 6 packages in 14ms
