$ docker exec 133f0ff8cab05f4fb432a5b543283288d60ec54fea9041771f0fd75a43e36b0e bash -> rc=0
package locks free after 5s

$ docker exec 133f0ff8cab05f4fb432a5b543283288d60ec54fea9041771f0fd75a43e36b0e bash -> rc=0

$ docker cp /eic/data/haoxiong_gpu6/bench_agentic/terminal-bench-2/circuit-fibsqrt/tests/. 133f0ff8cab05f4fb432a5b543283288d60ec54fea9041771f0fd75a43e36b0e:/tests/ -> rc=0

$ docker exec 133f0ff8cab05f4fb432a5b543283288d60ec54fea9041771f0fd75a43e36b0e bash -> rc=0
AIL
11449 | 10284720757613717413913 |      2214125593 |   2214125593 |         5724 |     FAIL
48400 | 4244200115309993198876969489421897548446236915 |      3361931507 |   3361931507 |        24200 |     FAIL
43681 | 21327100234463183349497947550385773274930109 |      1510415293 |   1510415293 |        21840 |     FAIL
 143 |                   89 |              89 |           89 |           71 |     FAIL
1680 |            102334155 |       102334155 |    102334155 |          840 |     FAIL
1763 |            165580141 |       165580141 |    165580141 |          881 |     FAIL
11448 | 6356306993006846248183 |      1617528055 |   1617528055 |         5724 |     FAIL
48399 | 2623059926317798754175087863660165740874359106 |       791601474 |    791601474 |        24199 |     FAIL
43680 | 13180872826374098837632191485015125807374171 |       537698139 |    537698139 |        21840 |     FAIL
 145 |                  144 |             144 |          144 |           72 |     FAIL
1682 |            165580141 |       165580141 |    165580141 |          841 |     FAIL
1765 |            267914296 |       267914296 |    267914296 |          882 |     FAIL
11450 | 10284720757613717413913 |      2214125593 |   2214125593 |         5725 |     FAIL
48401 | 4244200115309993198876969489421897548446236915 |      3361931507 |   3361931507 |        24200 |     FAIL
43682 | 21327100234463183349497947550385773274930109 |      1510415293 |   1510415293 |        21841 |     FAIL
--------------------------------------------------------------------------------

Overall: SOME TESTS FAILED
==================================== PASSES ====================================
=========================== short test summary info ============================
PASSED ../tests/test_outputs.py::test_gates_file_exists
PASSED ../tests/test_outputs.py::test_gates_file_size
FAILED ../tests/test_outputs.py::test_sqrt_fib - assert False
========================= 1 failed, 2 passed in 0.27s ==========================
debconf: delaying package configuration, since apt-utils is not installed
downloading uv 0.9.5 x86_64-unknown-linux-gnu
Downloading pygments (1.2MiB)
 Downloading pygments
Installed 6 packages in 9ms
