$ docker exec 9eb03ed0dfef8c3249f18df5da2b42fb3ba58809e8927bb77cd300dff9e46c37 bash -> rc=0
package locks free after 5s

$ docker exec 9eb03ed0dfef8c3249f18df5da2b42fb3ba58809e8927bb77cd300dff9e46c37 bash -> rc=0

$ docker cp /eic/data/haoxiong_gpu6/bench_agentic/terminal-bench-2/large-scale-text-editing/tests/. 9eb03ed0dfef8c3249f18df5da2b42fb3ba58809e8927bb77cd300dff9e46c37:/tests/ -> rc=0

$ docker exec 9eb03ed0dfef8c3249f18df5da2b42fb3ba58809e8927bb77cd300dff9e46c37 bash -> rc=0
_ _ _ _ _ _ _ _ 
/tests/test_outputs.py:86: in _write_defs_only_script
    text = src.read_text(encoding="utf-8", errors="ignore")
           ^^^^^^^^^^^^^^^^^^^^^^^^^^^^^^^^^^^^^^^^^^^^^^^^
/usr/local/lib/python3.13/pathlib/_local.py:546: in read_text
    return PathBase.read_text(self, encoding, errors, newline)
           ^^^^^^^^^^^^^^^^^^^^^^^^^^^^^^^^^^^^^^^^^^^^^^^^^^^
/usr/local/lib/python3.13/pathlib/_abc.py:632: in read_text
    with self.open(mode='r', encoding=encoding, errors=errors, newline=newline) as f:
         ^^^^^^^^^^^^^^^^^^^^^^^^^^^^^^^^^^^^^^^^^^^^^^^^^^^^^^^^^^^^^^^^^^^^^^
_ _ _ _ _ _ _ _ _ _ _ _ _ _ _ _ _ _ _ _ _ _ _ _ _ _ _ _ _ _ _ _ _ _ _ _ _ _ _ _ 

self = PosixPath('/app/apply_macros.vim'), mode = 'r', buffering = -1
encoding = 'utf-8', errors = 'ignore', newline = None

    def open(self, mode='r', buffering=-1, encoding=None,
             errors=None, newline=None):
        """
        Open the file pointed to by this path and return a file object, as
        the built-in open() function does.
        """
        if "b" not in mode:
            encoding = io.text_encoding(encoding)
>       return io.open(self, mode, buffering, encoding, errors, newline)
               ^^^^^^^^^^^^^^^^^^^^^^^^^^^^^^^^^^^^^^^^^^^^^^^^^^^^^^^^^
E       FileNotFoundError: [Errno 2] No such file or directory: '/app/apply_macros.vim'

/usr/local/lib/python3.13/pathlib/_local.py:537: FileNotFoundError
=========================== short test summary info ============================
FAILED ../tests/test_outputs.py::test_apply_macros_exists - AssertionError: M...
FAILED ../tests/test_outputs.py::test_apply_macros_well_formed - FileNotFound...
FAILED ../tests/test_outputs.py::test_apply_macros_runs - AssertionError: vim...
FAILED ../tests/test_outputs.py::test_input_equiv_expected - AssertionError: ...
FAILED ../tests/test_outputs.py::test_macros_nonempty_and_efficient - FileNot...
============================== 5 failed in 0.34s ===============================
debconf: delaying package configuration, since apt-utils is not installed
downloading uv 0.9.5 x86_64-unknown-linux-gnu
Downloading pygments (1.2MiB)
 Downloading pygments
Installed 6 packages in 14ms
