$ docker exec hermes-43488fdd bash -> rc=0
package locks free after 5s

$ docker exec hermes-43488fdd bash -> rc=0

$ docker cp /eic/data/haoxiong_gpu6/bench_agentic/terminal-bench-2/custom-memory-heap-crash/tests/. hermes-43488fdd:/tests/ -> rc=0

$ docker exec hermes-43488fdd bash -> rc=0
%
(Reading database ... 85%
(Reading database ... 90%
(Reading database ... 95%
(Reading database ... 100%
(Reading database ... 22008 files and directories currently installed.)
Preparing to unpack .../libcurl4t64_8.5.0-2ubuntu10.13_amd64.deb ...
Unpacking libcurl4t64:amd64 (8.5.0-2ubuntu10.13) ...
Selecting previously unselected package curl.
Preparing to unpack .../curl_8.5.0-2ubuntu10.13_amd64.deb ...
Unpacking curl (8.5.0-2ubuntu10.13) ...
Preparing to unpack .../libcurl3t64-gnutls_8.5.0-2ubuntu10.13_amd64.deb ...
Unpacking libcurl3t64-gnutls:amd64 (8.5.0-2ubuntu10.13) over (8.5.0-2ubuntu10.6) ...
Setting up libcurl4t64:amd64 (8.5.0-2ubuntu10.13) ...
Setting up libcurl3t64-gnutls:amd64 (8.5.0-2ubuntu10.13) ...
Setting up curl (8.5.0-2ubuntu10.13) ...
Processing triggers for libc-bin (2.39-0ubuntu8.6) ...
no checksums to verify
installing to /root/.local/bin
  uv
  uvx
everything's installed!

To add $HOME/.local/bin to your PATH, either restart your shell or run:

    source $HOME/.local/bin/env (sh, bash, zsh)
    source $HOME/.local/bin/env.fish (fish)
============================= test session starts ==============================
platform linux -- Python 3.13.9, pytest-8.4.1, pluggy-1.6.0
rootdir: /tests
plugins: json-ctrf-0.3.5
collected 6 items

../tests/test_outputs.py ......                                          [100%]

==================================== PASSES ====================================
=========================== short test summary info ============================
PASSED ../tests/test_outputs.py::test_protected_files_not_modified
PASSED ../tests/test_outputs.py::test_program_compiles_debug
PASSED ../tests/test_outputs.py::test_program_compiles_release
PASSED ../tests/test_outputs.py::test_debug_build_runs_without_crash
PASSED ../tests/test_outputs.py::test_release_build_runs_without_crash
PASSED ../tests/test_outputs.py::test_no_memory_leaks_with_valgrind
============================== 6 passed in 6.03s ===============================
debconf: delaying package configuration, since apt-utils is not installed
downloading uv 0.9.5 x86_64-unknown-linux-gnu
Downloading cpython-3.13.9-linux-x86_64-gnu (download) (32.0MiB)
 Downloading cpython-3.13.9-linux-x86_64-gnu (download)
Downloading pygments (1.2MiB)
 Downloading pygments
Installed 6 packages in 13ms
