$ docker exec hermes-3692cd9c bash -> rc=0
package locks free after 5s

$ docker exec hermes-3692cd9c bash -> rc=0

$ docker cp /eic/data/haoxiong_gpu6/bench_agentic/terminal-bench-2/git-leak-recovery/tests/. hermes-3692cd9c:/tests/ -> rc=0

$ docker exec hermes-3692cd9c bash -> rc=0
amd64.deb ...
Unpacking libcurl4t64:amd64 (8.5.0-2ubuntu10.13) ...
Selecting previously unselected package curl.
Preparing to unpack .../curl_8.5.0-2ubuntu10.13_amd64.deb ...
Unpacking curl (8.5.0-2ubuntu10.13) ...
Preparing to unpack .../libcurl3t64-gnutls_8.5.0-2ubuntu10.13_amd64.deb ...
Unpacking libcurl3t64-gnutls:amd64 (8.5.0-2ubuntu10.13) over (8.5.0-2ubuntu10.6) ...
Setting up libcurl4t64:amd64 (8.5.0-2ubuntu10.13) ...
Setting up libcurl3t64-gnutls:amd64 (8.5.0-2ubuntu10.13) ...
Setting up curl (8.5.0-2ubuntu10.13) ...
Processing triggers for libc-bin (2.39-0ubuntu8.6) ...
no checksums to verify
installing to /root/.local/bin
  uv
  uvx
everything's installed!

To add $HOME/.local/bin to your PATH, either restart your shell or run:

    source $HOME/.local/bin/env (sh, bash, zsh)
    source $HOME/.local/bin/env.fish (fish)
============================= test session starts ==============================
platform linux -- Python 3.13.9, pytest-8.4.1, pluggy-1.6.0
rootdir: /tests
plugins: json-ctrf-0.3.5
collected 5 items

../tests/test_outputs.py .....                                           [100%]

=============================== warnings summary ===============================
../tests/test_outputs.py:101
  /tests/test_outputs.py:101: SyntaxWarning: invalid escape sequence '\.'
    "find /app/repo -type f -not -path '*/\.*' "

-- Docs: https://docs.pytest.org/en/stable/how-to/capture-warnings.html
==================================== PASSES ====================================
=========================== short test summary info ============================
PASSED ../tests/test_outputs.py::test_flag_file_exists_and_correct
PASSED ../tests/test_outputs.py::test_no_secrets_in_commits
PASSED ../tests/test_outputs.py::test_good_commits_preserved
PASSED ../tests/test_outputs.py::test_no_secrets_in_unreachable_objects
PASSED ../tests/test_outputs.py::test_repository_contents_checksum
========================= 5 passed, 1 warning in 0.09s =========================
debconf: delaying package configuration, since apt-utils is not installed
downloading uv 0.9.5 x86_64-unknown-linux-gnu
Downloading cpython-3.13.9-linux-x86_64-gnu (download) (32.0MiB)
 Downloading cpython-3.13.9-linux-x86_64-gnu (download)
Downloading pygments (1.2MiB)
 Downloading pygments
Installed 6 packages in 10ms
