$ docker exec hermes-d5381df0 bash -> rc=0
package locks still busy after 600s: killing apt-get/dpkg

$ docker exec hermes-d5381df0 bash -> rc=0

$ docker cp /eic/data/haoxiong_gpu6/bench_agentic/terminal-bench-2/dna-assembly/tests/. hermes-d5381df0:/tests/ -> rc=0

$ docker exec hermes-d5381df0 bash -> rc=0
(2.6.1-4) ...
Setting up librtmp1:amd64 (2.4+20151223.gitfa8646d.1-2build7) ...
Setting up libk5crypto3:amd64 (1.20.1-6ubuntu2.8) ...
Setting up libkrb5-3:amd64 (1.20.1-6ubuntu2.8) ...
Setting up publicsuffix (20231001.0357-0.1) ...
Setting up libgssapi-krb5-2:amd64 (1.20.1-6ubuntu2.8) ...
Setting up libssh-4:amd64 (0.10.6-2ubuntu0.5) ...
Setting up libcurl4t64:amd64 (8.5.0-2ubuntu10.13) ...
Setting up curl (8.5.0-2ubuntu10.13) ...
Processing triggers for libc-bin (2.39-0ubuntu8.8) ...
no checksums to verify
installing to /root/.local/bin
  uv
  uvx
everything's installed!

To add $HOME/.local/bin to your PATH, either restart your shell or run:

    source $HOME/.local/bin/env (sh, bash, zsh)
    source $HOME/.local/bin/env.fish (fish)
============================= test session starts ==============================
platform linux -- Python 3.13.9, pytest-8.4.1, pluggy-1.6.0
rootdir: /tests
plugins: json-ctrf-0.3.5
collected 1 item

../tests/test_outputs.py F                                               [100%]

=================================== FAILURES ===================================
_________________________________ test_primers _________________________________

    def test_primers():
        """Test that the generated primers will successfully amplify the input DNA and
        contain the required overhangs that will result in the output sequence.
        """
    
        primers_path = Path("/app/primers.fasta")
>       assert primers_path.exists(), f"File {primers_path} does not exist."
E       AssertionError: File /app/primers.fasta does not exist.
E       assert False
E        +  where False = exists()
E        +    where exists = PosixPath('/app/primers.fasta').exists

/tests/test_outputs.py:131: AssertionError
=========================== short test summary info ============================
FAILED ../tests/test_outputs.py::test_primers - AssertionError: File /app/pri...
============================== 1 failed in 0.08s ===============================
debconf: delaying package configuration, since apt-utils is not installed
downloading uv 0.9.5 x86_64-unknown-linux-gnu
Downloading cpython-3.13.9-linux-x86_64-gnu (download) (32.0MiB)
 Downloading cpython-3.13.9-linux-x86_64-gnu (download)
Downloading pygments (1.2MiB)
 Downloading pygments
Installed 6 packages in 9ms
