$ docker exec ffc969e00361495b2355dfa79769c6f6b704f5b633eed2c9f26560612bb7eb1f bash -> rc=0
package locks free after 5s

$ docker exec ffc969e00361495b2355dfa79769c6f6b704f5b633eed2c9f26560612bb7eb1f bash -> rc=0

$ docker cp /eic/data/haoxiong_gpu6/bench_agentic/terminal-bench-2/query-optimize/tests/. ffc969e00361495b2355dfa79769c6f6b704f5b633eed2c9f26560612bb7eb1f:/tests/ -> rc=0

$ docker exec ffc969e00361495b2355dfa79769c6f6b704f5b633eed2c9f26560612bb7eb1f bash -> rc=0
en),
                    "max_s": max(times_golden),
                },
                "solution": {
                    "median_s": stats.median(times_sol),
                    "min_s": min(times_sol),
                    "max_s": max(times_sol),
                },
            }
            # Derived metric
            summary["speedup_solution_vs_golden"] = (
                summary["golden"]["median_s"] / summary["solution"]["median_s"]
            )
    
            print(summary)
    
            # performance threshold:
>           assert summary["solution"]["median_s"] <= 1.05 * summary["golden"]["median_s"]
E           assert 1.413719086907804 <= (1.05 * 1.1946883462369442)

/tests/test_outputs.py:142: AssertionError
----------------------------- Captured stdout call -----------------------------
Running iteration 0 of 5
{'iterations': 5, 'golden': {'median_s': 1.1946883462369442, 'min_s': 1.1776728676632047, 'max_s': 1.2004292816855013}, 'solution': {'median_s': 1.413719086907804, 'min_s': 1.4057539398781955, 'max_s': 1.4172800318337977}, 'speedup_solution_vs_golden': 0.8450677063786832}
==================================== PASSES ====================================
___________________ test_solution_contains_single_sql_query ____________________
----------------------------- Captured stdout call -----------------------------
✓ Solution file contains exactly one valid SQL SELECT statement
=========================== short test summary info ============================
PASSED ../tests/test_outputs.py::test_compare_golden_vs_my_sql_query_correctness
PASSED ../tests/test_outputs.py::test_check_for_db_modifications
PASSED ../tests/test_outputs.py::test_outputs_match_exactly
PASSED ../tests/test_outputs.py::test_solution_contains_single_sql_query
PASSED ../tests/test_outputs.py::test_solution_is_small
FAILED ../tests/test_outputs.py::test_compare_golden_vs_solution_runtime - as...
=================== 1 failed, 5 passed in 584.90s (0:09:44) ====================
debconf: delaying package configuration, since apt-utils is not installed
downloading uv 0.9.5 x86_64-unknown-linux-gnu
Downloading cpython-3.13.9-linux-x86_64-gnu (download) (32.0MiB)
 Downloading cpython-3.13.9-linux-x86_64-gnu (download)
Downloading pygments (1.2MiB)
 Downloading pygments
Installed 6 packages in 13ms
