$ docker exec 5efe081de735d44ab32fefcd705fb23a6dbfd30507987e16ca4794dbb4854ee6 bash -> rc=0
package locks still busy after 600s: killing apt-get/dpkg

$ docker exec 5efe081de735d44ab32fefcd705fb23a6dbfd30507987e16ca4794dbb4854ee6 bash -> rc=0

$ docker cp /eic/data/haoxiong_gpu6/bench_agentic/terminal-bench-2/adaptive-rejection-sampler/tests/. 5efe081de735d44ab32fefcd705fb23a6dbfd30507987e16ca4794dbb4854ee6:/tests/ -> rc=0

$ docker exec 5efe081de735d44ab32fefcd705fb23a6dbfd30507987e16ca4794dbb4854ee6 bash -> rc=0
alls: source -> file\nIn additio...ile(filename, "r", encoding = encoding) :\n  cannot open file \'ars.R\': No such file or directory\nExecution halted\n' or 'concave' in 'error in file(filename, "r", encoding = encoding) : \n  cannot open the connection\ncalls: source -> file\nin additio...ile(filename, "r", encoding = encoding) :\n  cannot open file \'ars.r\': no such file or directory\nexecution halted\n')
E            +  where 'error in file(filename, "r", encoding = encoding) : \n  cannot open the connection\ncalls: source -> file\nin additio...ile(filename, "r", encoding = encoding) :\n  cannot open file \'ars.r\': no such file or directory\nexecution halted\n' = <built-in method lower of str object at 0x7f6fcb8bf340>()
E            +    where <built-in method lower of str object at 0x7f6fcb8bf340> = 'Error in file(filename, "r", encoding = encoding) : \n  cannot open the connection\nCalls: source -> file\nIn additio...ile(filename, "r", encoding = encoding) :\n  cannot open file \'ars.R\': No such file or directory\nExecution halted\n'.lower

/tests/test_outputs.py:302: AssertionError
=========================== short test summary info ============================
FAILED ../tests/test_outputs.py::test_ars_function_exists - AssertionError: N...
FAILED ../tests/test_outputs.py::test_can_generate_standard_distribution_samples
FAILED ../tests/test_outputs.py::test_has_test_function - AssertionError: No ...
FAILED ../tests/test_outputs.py::test_formal_testing_with_known_truth - Asser...
FAILED ../tests/test_outputs.py::test_sample_files_generated - AssertionError...
FAILED ../tests/test_outputs.py::test_implementation_is_modular - FileNotFoun...
FAILED ../tests/test_outputs.py::test_implementation_handles_errors - FileNot...
FAILED ../tests/test_outputs.py::test_input_validation_functionality - Assert...
FAILED ../tests/test_outputs.py::test_log_concavity_functionality - Assertion...
============================== 9 failed in 1.09s ===============================
debconf: delaying package configuration, since apt-utils is not installed
downloading uv 0.9.5 x86_64-unknown-linux-gnu
Downloading cpython-3.13.9-linux-x86_64-gnu (download) (32.0MiB)
 Downloading cpython-3.13.9-linux-x86_64-gnu (download)
Downloading pygments (1.2MiB)
Downloading numpy (15.9MiB)
Downloading scipy (34.0MiB)
 Downloading pygments
 Downloading numpy
 Downloading scipy
Installed 8 packages in 36ms
