$ docker exec 0ceefc99d07ade298bdbe9450986c415a2f151b71677bb5308cc0b5d0de41c1c bash -> rc=0
package locks free after 5s

$ docker exec 0ceefc99d07ade298bdbe9450986c415a2f151b71677bb5308cc0b5d0de41c1c bash -> rc=0

$ docker cp /eic/data/haoxiong_gpu6/bench_agentic/terminal-bench-2/video-processing/tests/. 0ceefc99d07ade298bdbe9450986c415a2f151b71677bb5308cc0b5d0de41c1c:/tests/ -> rc=0

$ docker exec 0ceefc99d07ade298bdbe9450986c415a2f151b71677bb5308cc0b5d0de41c1c bash -> rc=0
 Check that output.toml was created
        output_path = Path("/app/output.toml")
        assert output_path.exists(), "output.toml was not created"
    
        # Parse the TOML output
        try:
            data = toml.load(output_path)
        except Exception as e:
            assert False, f"Failed to parse output.toml: {e}"
    
        # Validate required fields exist
        required_fields = [
            "jump_takeoff_frame_number",
            "jump_land_frame_number",
        ]
        for field in required_fields:
            assert field in data, f"Missing required field: {field}"
    
        # Validate frame numbers using explicit inclusive ranges
        actual_takeoff = data["jump_takeoff_frame_number"]
        actual_landing = data["jump_land_frame_number"]
    
        assert takeoff_range is not None and landing_range is not None, (
            "Both takeoff_range and landing_range provided as inclusive (min, max) tuples"
        )
    
        takeoff_min, takeoff_max = takeoff_range
        landing_min, landing_max = landing_range
    
>       assert takeoff_min <= actual_takeoff <= takeoff_max, (
            f"Takeoff frame {actual_takeoff} not within inclusive range "
            f"[{takeoff_min}, {takeoff_max}]"
        )
E       AssertionError: Takeoff frame 226 not within inclusive range [219, 223]
E       assert 226 <= 223

/tests/test_outputs.py:68: AssertionError
==================================== PASSES ====================================
=========================== short test summary info ============================
PASSED ../tests/test_outputs.py::test_example_video_exists
PASSED ../tests/test_outputs.py::test_test_video_exists
PASSED ../tests/test_outputs.py::test_jump_analyzer_imports
FAILED ../tests/test_outputs.py::test_jump_analyzer_example_video - Assertion...
FAILED ../tests/test_outputs.py::test_jump_analyzer_test_video - AssertionErr...
========================= 2 failed, 3 passed in 2.18s ==========================
debconf: delaying package configuration, since apt-utils is not installed
downloading uv 0.9.5 x86_64-unknown-linux-gnu
Downloading numpy (15.9MiB)
Downloading opencv-contrib-python (65.9MiB)
Downloading pygments (1.2MiB)
 Downloading pygments
 Downloading numpy
 Downloading opencv-contrib-python
Installed 9 packages in 51ms
